Component: ARM Compiler 5.06 update 7 (build 960) Tool: armlink [4d3601]

==============================================================================

Section Cross References

    system_gd32f20x.o(i.SystemCoreClockUpdate) refers to system_gd32f20x.o(.data) for SystemCoreClock
    system_gd32f20x.o(i.SystemInit) refers to system_gd32f20x.o(i.system_clock_config) for system_clock_config
    system_gd32f20x.o(i.system_clock_config) refers to system_gd32f20x.o(i.system_clock_120m_hxtal) for system_clock_120m_hxtal
    gd32f20x_adc.o(i.adc_deinit) refers to gd32f20x_rcu.o(i.rcu_periph_reset_enable) for rcu_periph_reset_enable
    gd32f20x_adc.o(i.adc_deinit) refers to gd32f20x_rcu.o(i.rcu_periph_reset_disable) for rcu_periph_reset_disable
    gd32f20x_bkp.o(i.bkp_deinit) refers to gd32f20x_rcu.o(i.rcu_bkp_reset_enable) for rcu_bkp_reset_enable
    gd32f20x_bkp.o(i.bkp_deinit) refers to gd32f20x_rcu.o(i.rcu_bkp_reset_disable) for rcu_bkp_reset_disable
    gd32f20x_can.o(i.can_debug_freeze_disable) refers to gd32f20x_dbg.o(i.dbg_periph_disable) for dbg_periph_disable
    gd32f20x_can.o(i.can_debug_freeze_enable) refers to gd32f20x_dbg.o(i.dbg_periph_enable) for dbg_periph_enable
    gd32f20x_can.o(i.can_deinit) refers to gd32f20x_rcu.o(i.rcu_periph_reset_enable) for rcu_periph_reset_enable
    gd32f20x_can.o(i.can_deinit) refers to gd32f20x_rcu.o(i.rcu_periph_reset_disable) for rcu_periph_reset_disable
    gd32f20x_can.o(i.can_interrupt_flag_get) refers to gd32f20x_can.o(i.can_receive_message_length_get) for can_receive_message_length_get
    gd32f20x_can.o(i.can_interrupt_flag_get) refers to gd32f20x_can.o(i.can_error_get) for can_error_get
    gd32f20x_cau.o(i.cau_deinit) refers to gd32f20x_rcu.o(i.rcu_periph_reset_enable) for rcu_periph_reset_enable
    gd32f20x_cau.o(i.cau_deinit) refers to gd32f20x_rcu.o(i.rcu_periph_reset_disable) for rcu_periph_reset_disable
    gd32f20x_cau_aes.o(i.cau_aes_calculate) refers to gd32f20x_cau.o(i.cau_enable_state_get) for cau_enable_state_get
    gd32f20x_cau_aes.o(i.cau_aes_calculate) refers to gd32f20x_cau.o(i.cau_data_write) for cau_data_write
    gd32f20x_cau_aes.o(i.cau_aes_calculate) refers to gd32f20x_cau.o(i.cau_flag_get) for cau_flag_get
    gd32f20x_cau_aes.o(i.cau_aes_calculate) refers to gd32f20x_cau.o(i.cau_data_read) for cau_data_read
    gd32f20x_cau_aes.o(i.cau_aes_cbc) refers to gd32f20x_cau.o(i.cau_key_parameter_init) for cau_key_parameter_init
    gd32f20x_cau_aes.o(i.cau_aes_cbc) refers to gd32f20x_cau_aes.o(i.cau_aes_key_config) for cau_aes_key_config
    gd32f20x_cau_aes.o(i.cau_aes_cbc) refers to gd32f20x_cau.o(i.cau_key_init) for cau_key_init
    gd32f20x_cau_aes.o(i.cau_aes_cbc) refers to gd32f20x_cau.o(i.cau_fifo_flush) for cau_fifo_flush
    gd32f20x_cau_aes.o(i.cau_aes_cbc) refers to gd32f20x_cau.o(i.cau_init) for cau_init
    gd32f20x_cau_aes.o(i.cau_aes_cbc) refers to gd32f20x_cau.o(i.cau_enable) for cau_enable
    gd32f20x_cau_aes.o(i.cau_aes_cbc) refers to gd32f20x_cau.o(i.cau_flag_get) for cau_flag_get
    gd32f20x_cau_aes.o(i.cau_aes_cbc) refers to gd32f20x_cau.o(i.cau_iv_init) for cau_iv_init
    gd32f20x_cau_aes.o(i.cau_aes_cbc) refers to gd32f20x_cau_aes.o(i.cau_aes_calculate) for cau_aes_calculate
    gd32f20x_cau_aes.o(i.cau_aes_cbc) refers to gd32f20x_cau.o(i.cau_disable) for cau_disable
    gd32f20x_cau_aes.o(i.cau_aes_ctr) refers to gd32f20x_cau.o(i.cau_key_parameter_init) for cau_key_parameter_init
    gd32f20x_cau_aes.o(i.cau_aes_ctr) refers to gd32f20x_cau.o(i.cau_init) for cau_init
    gd32f20x_cau_aes.o(i.cau_aes_ctr) refers to gd32f20x_cau_aes.o(i.cau_aes_key_config) for cau_aes_key_config
    gd32f20x_cau_aes.o(i.cau_aes_ctr) refers to gd32f20x_cau.o(i.cau_key_init) for cau_key_init
    gd32f20x_cau_aes.o(i.cau_aes_ctr) refers to gd32f20x_cau.o(i.cau_iv_init) for cau_iv_init
    gd32f20x_cau_aes.o(i.cau_aes_ctr) refers to gd32f20x_cau.o(i.cau_fifo_flush) for cau_fifo_flush
    gd32f20x_cau_aes.o(i.cau_aes_ctr) refers to gd32f20x_cau.o(i.cau_enable) for cau_enable
    gd32f20x_cau_aes.o(i.cau_aes_ctr) refers to gd32f20x_cau_aes.o(i.cau_aes_calculate) for cau_aes_calculate
    gd32f20x_cau_aes.o(i.cau_aes_ctr) refers to gd32f20x_cau.o(i.cau_disable) for cau_disable
    gd32f20x_cau_aes.o(i.cau_aes_ecb) refers to gd32f20x_cau.o(i.cau_key_parameter_init) for cau_key_parameter_init
    gd32f20x_cau_aes.o(i.cau_aes_ecb) refers to gd32f20x_cau_aes.o(i.cau_aes_key_config) for cau_aes_key_config
    gd32f20x_cau_aes.o(i.cau_aes_ecb) refers to gd32f20x_cau.o(i.cau_key_init) for cau_key_init
    gd32f20x_cau_aes.o(i.cau_aes_ecb) refers to gd32f20x_cau.o(i.cau_fifo_flush) for cau_fifo_flush
    gd32f20x_cau_aes.o(i.cau_aes_ecb) refers to gd32f20x_cau.o(i.cau_init) for cau_init
    gd32f20x_cau_aes.o(i.cau_aes_ecb) refers to gd32f20x_cau.o(i.cau_enable) for cau_enable
    gd32f20x_cau_aes.o(i.cau_aes_ecb) refers to gd32f20x_cau.o(i.cau_flag_get) for cau_flag_get
[...]
    0x0801054c   0x0801054c   0x00000018   Code   RO         6013    i.DS3231_SET_SDA_IN  ds3231.o
    0x08010564   0x08010564   0x00000018   Code   RO         6014    i.DS3231_SET_SDA_OUT  ds3231.o
    0x0801057c   0x0801057c   0x000000b4   Code   RO         6015    i.DS3231_SetRTC     ds3231.o
    0x08010630   0x08010630   0x00000038   Code   RO         6016    i.DS3231_SoftWare_init  ds3231.o
    0x08010668   0x08010668   0x00000008   Code   RO         6017    i.DS3231_init       ds3231.o
    0x08010670   0x08010670   0x00000038   Code   RO         9696    i.DateCmp           data.o
    0x080106a8   0x080106a8   0x000000a4   Code   RO         8114    i.DateTime_ToCounts  rtc.o
    0x0801074c   0x0801074c   0x00000002   Code   RO         5481    i.DebugMon_Handler  gd32f20x_it.o
    0x0801074e   0x0801074e   0x00000002   PAD
    0x08010750   0x08010750   0x00000048   Code   RO         8879    i.END_CMD           hmi_driver.o
    0x08010798   0x08010798   0x00000030   Code   RO         7684    i.EXTI0_IRQHandler  lcd.o
    0x080107c8   0x080107c8   0x00000130   Code   RO         5482    i.EXTI10_15_IRQHandler  gd32f20x_it.o
    0x080108f8   0x080108f8   0x00000020   Code   RO         5483    i.EXTI2_IRQHandler  gd32f20x_it.o
    0x08010918   0x08010918   0x000000e0   Code   RO         5484    i.EXTI5_9_IRQHandler  gd32f20x_it.o
    0x080109f8   0x080109f8   0x00000094   Code   RO        10052    i.Flash_ResumeAccWater_Par  flashdata.o
    0x08010a8c   0x08010a8c   0x00000050   Code   RO        10053    i.Flash_ResumeAll   flashdata.o
    0x08010adc   0x08010adc   0x00000014   Code   RO        10054    i.Flash_ResumeAuthor_Par  flashdata.o
    0x08010af0   0x08010af0   0x00000084   Code   RO        10057    i.Flash_ResumeDevData  flashdata.o
    0x08010b74   0x08010b74   0x00000014   Code   RO        10058    i.Flash_ResumeLog_Par  flashdata.o
    0x08010b88   0x08010b88   0x00000054   Code   RO        10059    i.Flash_ResumeLoglen_Par  flashdata.o
    0x08010bdc   0x08010bdc   0x00000014   Code   RO        10060    i.Flash_ResumeMess_Par  flashdata.o
    0x08010bf0   0x08010bf0   0x00000014   Code   RO        10061    i.Flash_ResumeONENET_Par  flashdata.o
    0x08010c04   0x08010c04   0x00000014   Code   RO        10063    i.Flash_ResumeUpdate_Par  flashdata.o
    0x08010c18   0x08010c18   0x00000014   Code   RO        10064    i.Flash_Resumemyota_info  flashdata.o
    0x08010c2c   0x08010c2c   0x00000014   Code   RO        10066    i.Flash_SaveAuthor_Par  flashdata.o
    0x08010c40   0x08010c40   0x00000014   Code   RO        10067    i.Flash_SaveControl_Par  flashdata.o
    0x08010c54   0x08010c54   0x00000018   Code   RO        10069    i.Flash_SaveDevData  flashdata.o
    0x08010c6c   0x08010c6c   0x00000014   Code   RO        10070    i.Flash_SaveLog_Par  flashdata.o
    0x08010c80   0x08010c80   0x00000014   Code   RO        10071    i.Flash_SaveLoglen_Par  flashdata.o
    0x08010c94   0x08010c94   0x00000014   Code   RO        10072    i.Flash_SaveMess_Par  flashdata.o
    0x08010ca8   0x08010ca8   0x00000014   Code   RO        10075    i.Flash_SaveUpdate_Par  flashdata.o
    0x08010cbc   0x08010cbc   0x00000014   Code   RO        10076    i.Flash_Savemyota_info  flashdata.o
    0x08010cd0   0x08010cd0   0x00000044   Code   RO         7838    i.Float_Ball_init   other_bsp.o
    0x08010d14   0x08010d14   0x000000d4   Code   RO         9699    i.Flow_Man_Fun1     data.o
    0x08010de8   0x08010de8   0x00000074   Code   RO         6589    i.GPRS_LowPower     4gcat1.o
    0x08010e5c   0x08010e5c   0x00000084   Code   RO         6590    i.GPRS_LowPower_wake  4gcat1.o
    0x08010ee0   0x08010ee0   0x00000468   Code   RO         6592    i.GPRS_connect2     4gcat1.o
    0x08011348   0x08011348   0x00000020   Code   RO        13203    i.GetAllCSVrows     ff_user.o
    0x08011368   0x08011368   0x000001e8   Code   RO         7041    i.Get_Channel_Speed  ultrasonic.o
    0x08011550   0x08011550   0x000005d4   Code   RO         7043    i.Get_Flow_data2    ultrasonic.o
    0x08011b24   0x08011b24   0x00000058   Code   RO         8906    i.GraphChannelDataAdd  hmi_driver.o
    0x08011b7c   0x08011b7c   0x0000001c   Code   RO         6597    i.GsmShutDown       4gcat1.o
    0x08011b98   0x08011b98   0x00000020   Code   RO         6021    i.HEX2BCD           ds3231.o
    0x08011bb8   0x08011bb8   0x00000004   Code   RO         5485    i.HardFault_Handler  gd32f20x_it.o
    0x08011bbc   0x08011bbc   0x00000014   Code   RO         6022    i.I2C_delay         ds3231.o
    0x08011bd0   0x08011bd0   0x0000003c   Code   RO         6023    i.IIC_Ack           ds3231.o
    0x08011c0c   0x08011c0c   0x0000003c   Code   RO         6026    i.IIC_NAck          ds3231.o
    0x08011c48   0x08011c48   0x00000064   Code   RO         6027    i.IIC_Read_Byte     ds3231.o
    0x08011cac   0x08011cac   0x00000054   Code   RO         6028    i.IIC_Send_Byte     ds3231.o
    0x08011d00   0x08011d00   0x00000044   Code   RO         6029    i.IIC_Start         ds3231.o
    0x08011d44   0x08011d44   0x0000003c   Code   RO         6030    i.IIC_Stop          ds3231.o
    0x08011d80   0x08011d80   0x00000050   Code   RO         6031    i.IIC_Wait_Ack      ds3231.o
    0x08011dd0   0x08011dd0   0x0000003e   Code   RO         6033    i.IIC_single_byte_read  ds3231.o
    0x08011e0e   0x08011e0e   0x0000002e   Code   RO         6034    i.IIC_single_byte_write  ds3231.o
    0x08011e3c   0x08011e3c   0x000001c4   Code   RO         6598    i.InitNTP           4gcat1.o
    0x08012000   0x08012000   0x00000148   Code   RO         6599    i.InitSAPBR         4gcat1.o
    0x08012148   0x08012148   0x0000003c   Code   RO         8115    i.IsLeapYear        rtc.o
    0x08012184   0x08012184   0x00000028   Code   RO         5837    i.JtagOff           main.o
    0x080121ac   0x080121ac   0x0000011c   Code   RO        10690    i.Judge_Stall       stallguard.o
    0x080122c8   0x080122c8   0x0000001c   Code   RO         6956    i.L76K_End          l76k.o
    0x080122e4   0x080122e4   0x00000060   Code   RO         6957    i.L76K_Gpio_Config  l76k.o
    0x08012344   0x08012344   0x0000005c   Code   RO         6958    i.L76K_LowPower     l76k.o
    0x080123a0   0x080123a0   0x000003b4   Code   RO         6959    i.L76K_Resend       l76k.o
    0x08012754   0x08012754   0x0000001c   Code   RO         6962    i.L76K_Start        l76k.o
    0x08012770   0x08012770   0x000000a0   Code   RO         6964    i.L76K_USART5_Config  l76k.o
    0x08012810   0x08012810   0x00000010   Code   RO         6965    i.L76K_init         l76k.o
    0x08012820   0x08012820   0x00000018   Code   RO         7685    i.LCD_All_init      lcd.o
    0x08012838   0x08012838   0x00000094   Code   RO         7686    i.LCD_DMA_Rx_Config  lcd.o
    0x080128cc   0x080128cc   0x00000094   Code   RO         7687    i.LCD_DMA_init      lcd.o
    0x08012960   0x08012960   0x0000005c   Code   RO         7688    i.LCD_Power_init    lcd.o
    0x080129bc   0x080129bc   0x00000034   Code   RO         7689    i.LCD_RS232_ENinit  lcd.o
    0x080129f0   0x080129f0   0x00000098   Code   RO         7690    i.LCD_RS232_init    lcd.o
    0x08012a88   0x08012a88   0x0000020c   Code   RO        10260    i.LCD_showNoFlowLog  logdata.o
    0x08012c94   0x08012c94   0x000002b4   Code   RO        10261    i.LCD_showSpeedLog  logdata.o
    0x08012f48   0x08012f48   0x00000240   Code   RO        10262    i.LCD_showdLog      logdata.o
    0x08013188   0x08013188   0x000001b0   Code   RO        10263    i.LCD_showoperaLog  logdata.o
    0x08013338   0x08013338   0x00000620   Code   RO        10264    i.LCD_showstatusLog  logdata.o
    0x08013958   0x08013958   0x000000c8   Code   RO         7274    i.LoraConf          lora.o
    0x08013a20   0x08013a20   0x00000044   Code   RO         7275    i.LoraSetMode       lora.o
    0x08013a64   0x08013a64   0x00000040   Code   RO         7276    i.Lora_ModePin_init  lora.o
    0x08013aa4   0x08013aa4   0x00000028   Code   RO         7277    i.Lora_PWR_init     lora.o
    0x08013acc   0x08013acc   0x00000078   Code   RO         7279    i.Lora_Process      lora.o
    0x08013b44   0x08013b44   0x00000190   Code   RO        14376    i.Lora_Rxanalysis_liu  liu.o
    0x08013cd4   0x08013cd4   0x0000003c   Code   RO         7280    i.Lora_Send         lora.o
    0x08013d10   0x08013d10   0x00000024   Code   RO        14309    i.Lora_SendAddr     jiang.o
    0x08013d34   0x08013d34   0x000000a4   Code   RO         7283    i.Lora_UART3_Config  lora.o
    0x08013dd8   0x08013dd8   0x0000003c   Code   RO         7284    i.Lora_init         lora.o
    0x08013e14   0x08013e14   0x00000028   Code   RO         6536    i.MOS_init          relay.o
    0x08013e3c   0x08013e3c   0x00000004   Code   RO         5486    i.MemManage_Handler  gd32f20x_it.o
    0x08013e40   0x08013e40   0x00000002   Code   RO         5487    i.NMI_Handler       gd32f20x_it.o
    0x08013e42   0x08013e42   0x0000000e   Code   RO         8623    i.NOTIFYHandShake   cmd_process.o
    0x08013e50   0x08013e50   0x00000df8   Code   RO         8624    i.NotifyButton      cmd_process.o
    0x08014c48   0x08014c48   0x00000068   Code   RO         8625    i.NotifyMenu        cmd_process.o
    0x08014cb0   0x08014cb0   0x00000002   Code   RO         8626    i.NotifyMeter       cmd_process.o
    0x08014cb2   0x08014cb2   0x00000002   Code   RO         8627    i.NotifyProgress    cmd_process.o
    0x08014cb4   0x08014cb4   0x00000002   Code   RO         8628    i.NotifyReadFlash   cmd_process.o
    0x08014cb6   0x08014cb6   0x00000002   PAD
    0x08014cb8   0x08014cb8   0x000000d8   Code   RO         8629    i.NotifyReadRTC     cmd_process.o
    0x08014d90   0x08014d90   0x000001a0   Code   RO         8630    i.NotifyScreen      cmd_process.o
    0x08014f30   0x08014f30   0x00000002   Code   RO         8631    i.NotifySelector    cmd_process.o
    0x08014f32   0x08014f32   0x00000002   PAD
    0x08014f34   0x08014f34   0x00000078   Code   RO         8632    i.NotifySlider      cmd_process.o
    0x08014fac   0x08014fac   0x00000be4   Code   RO         8633    i.NotifyText        cmd_process.o
    0x08015b90   0x08015b90   0x00000016   Code   RO         8634    i.NotifyTimer       cmd_process.o
    0x08015ba6   0x08015ba6   0x00000002   Code   RO         8635    i.NotifyTouchXY     cmd_process.o
    0x08015ba8   0x08015ba8   0x00000002   Code   RO         8636    i.NotifyWriteFlash  cmd_process.o
    0x08015baa   0x08015baa   0x00000002   PAD
    0x08015bac   0x08015bac   0x00000118   Code   RO        13843    i.OTA_UrlEncode     authorization.o
    0x08015cc4   0x08015cc4   0x00000118   Code   RO        13876    i.OTA_UrlEncode     myonenet.o
    0x08015ddc   0x08015ddc   0x000001c0   Code   RO        13878    i.OneNET_Authorization_V1  myonenet.o
    0x08015f9c   0x08015f9c   0x000002f8   Code   RO        12146    i.OneNET_SendData2  onenet.o
    0x08016294   0x08016294   0x00000050   Code   RO         6602    i.OneNET_SendData_Ack  4gcat1.o
    0x080162e4   0x080162e4   0x000003a0   Code   RO        12149    i.OneNET_SendRun_Par  onenet.o
    0x08016684   0x08016684   0x0000010c   Code   RO         6605    i.PowerUpGSM        4gcat1.o
    0x08016790   0x08016790   0x00000028   Code   RO         7044    i.Power_30V_init    ultrasonic.o
    0x080167b8   0x080167b8   0x00000040   Code   RO         7045    i.Power_5V_init     ultrasonic.o
    0x080167f8   0x080167f8   0x000000a4   Code   RO         7538    i.Power_ADC_Read    power.o
    0x0801689c   0x0801689c   0x00000184   Code   RO         8637    i.ProcessMessage    cmd_process.o
    0x08016a20   0x08016a20   0x00000050   Code   RO         8922    i.QRCode_Set        hmi_driver.o
    0x08016a70   0x08016a70   0x00000026   Code   RO        10660    i.RCC_GetClocksFreq  gd32f20x_rcu_add.o
    0x08016a96   0x08016a96   0x00000002   PAD
    0x08016a98   0x08016a98   0x00000040   Code   RO         6366    i.RS485_MakeTxBuff  rs485.o
    0x08016ad8   0x08016ad8   0x00000044   Code   RO         6367    i.RS485_Other_init  rs485.o
    0x08016b1c   0x08016b1c   0x000000cc   Code   RO         6369    i.RS485_ReadKeepReg  rs485.o
    0x08016be8   0x08016be8   0x00000144   Code   RO         6370    i.RS485_ReadLevel   rs485.o
    0x08016d2c   0x08016d2c   0x00000150   Code   RO         6373    i.RS485_RxProcess   rs485.o
    0x08016e7c   0x08016e7c   0x0000004c   Code   RO         6374    i.RS485_SendBuff    rs485.o
    0x08016ec8   0x08016ec8   0x00000014   Code   RO         6378    i.RS485_init        rs485.o
    0x08016edc   0x08016edc   0x00000028   Code   RO         6379    i.RS485_power_init  rs485.o
    0x08016f04   0x08016f04   0x0000001a   Code   RO         5488    i.RTC_Alarm_IRQHandler  gd32f20x_it.o
    0x08016f1e   0x08016f1e   0x00000012   Code   RO         8923    i.ReadRTC           hmi_driver.o
    0x08016f30   0x08016f30   0x0000003c   Code   RO         8925    i.Record_Add        hmi_driver.o
    0x08016f6c   0x08016f6c   0x00000034   Code   RO         8926    i.Record_Clear      hmi_driver.o
    0x08016fa0   0x08016fa0   0x00000444   Code   RO         6606    i.ReportVersion     4gcat1.o
    0x080173e4   0x080173e4   0x00000110   Code   RO        13206    i.RunLog_Par_make   ff_user.o
    0x080174f4   0x080174f4   0x00000024   Code   RO        10357    i.SD_Calc_Log_Ptr   sddata.o
    0x08017518   0x08017518   0x00000008   Code   RO        10358    i.SD_Calcflow_headMax  sddata.o
    0x08017520   0x08017520   0x00000008   Code   RO        10359    i.SD_Calcopera_headMax  sddata.o
    0x08017528   0x08017528   0x00000018   Code   RO        10360    i.SD_ClearFlowLog   sddata.o
    0x08017540   0x08017540   0x00000018   Code   RO        10361    i.SD_ClearOperaLog  sddata.o
    0x08017558   0x08017558   0x00000014   Code   RO         7865    i.SD_DisSelect      spi_sd.o
    0x0801756c   0x0801756c   0x0000002a   Code   RO         7867    i.SD_GetCSD         spi_sd.o
    0x08017596   0x08017596   0x00000002   PAD
    0x08017598   0x08017598   0x0000003c   Code   RO        10265    i.SD_GetDataLogPage  logdata.o
    0x080175d4   0x080175d4   0x00000038   Code   RO        10266    i.SD_GetLogPage     logdata.o
    0x0801760c   0x0801760c   0x0000003c   Code   RO        10267    i.SD_GetOperaLogPage  logdata.o
    0x08017648   0x08017648   0x00000026   Code   RO         7868    i.SD_GetResponse    spi_sd.o
    0x0801766e   0x0801766e   0x00000076   Code   RO         7869    i.SD_GetSectorCount  spi_sd.o
    0x080176e4   0x080176e4   0x0000019c   Code   RO         7870    i.SD_Initialize     spi_sd.o
    0x08017880   0x08017880   0x00000094   Code   RO         7871    i.SD_Read           spi_sd.o
    0x08017914   0x08017914   0x00000074   Code   RO         7872    i.SD_ReadDisk       spi_sd.o
    0x08017988   0x08017988   0x00000038   Code   RO         7873    i.SD_RecvData       spi_sd.o
    0x080179c0   0x080179c0   0x00000034   Code   RO        10363    i.SD_ResumeFlowLog  sddata.o
    0x080179f4   0x080179f4   0x00000038   Code   RO        10364    i.SD_ResumeOperaLog  sddata.o
    0x08017a2c   0x08017a2c   0x000000c4   Code   RO         7875    i.SD_SPI_ReadWriteByte  spi_sd.o
    0x08017af0   0x08017af0   0x0000000a   Code   RO         7876    i.SD_SPI_SpeedHigh  spi_sd.o
    0x08017afa   0x08017afa   0x0000000a   Code   RO         7877    i.SD_SPI_SpeedLow   spi_sd.o
    0x08017b04   0x08017b04   0x00000064   Code   RO        10368    i.SD_SaveFlowLog    sddata.o
    0x08017b68   0x08017b68   0x00000068   Code   RO        10369    i.SD_SaveOperaLog   sddata.o
    0x08017bd0   0x08017bd0   0x00000020   Code   RO         7878    i.SD_Select         spi_sd.o
    0x08017bf0   0x08017bf0   0x00000052   Code   RO         7879    i.SD_SendBlock      spi_sd.o
    0x08017c42   0x08017c42   0x00000076   Code   RO         7880    i.SD_SendCmd        spi_sd.o
    0x08017cb8   0x08017cb8   0x00000022   Code   RO         7881    i.SD_WaitReady      spi_sd.o
    0x08017cda   0x08017cda   0x00000002   PAD
    0x08017cdc   0x08017cdc   0x00000148   Code   RO         7882    i.SD_Write          spi_sd.o
    0x08017e24   0x08017e24   0x00000090   Code   RO         7883    i.SD_WriteDisk      spi_sd.o
    0x08017eb4   0x08017eb4   0x00000068   Code   RO         7884    i.SD_init           spi_sd.o
    0x08017f1c   0x08017f1c   0x00000008   Code   RO        13482    i.SEGGER_RTT_Init   segger_rtt.o
    0x08017f24   0x08017f24   0x0000009c   Code   RO        13492    i.SEGGER_RTT_SetTerminal  segger_rtt.o
    0x08017fc0   0x08017fc0   0x00000048   Code   RO        13495    i.SEGGER_RTT_Write  segger_rtt.o
    0x08018008   0x08018008   0x00000084   Code   RO        13496    i.SEGGER_RTT_WriteNoLock  segger_rtt.o
    0x0801808c   0x0801808c   0x00000022   Code   RO        13667    i.SEGGER_RTT_printf  segger_rtt_printf.o
    0x080180ae   0x080180ae   0x0000020a   Code   RO        13668    i.SEGGER_RTT_vprintf  segger_rtt_printf.o
    0x080182b8   0x080182b8   0x0000001c   Code   RO         8931    i.SEND_DATA         hmi_driver.o
    0x080182d4   0x080182d4   0x00000020   Code   RO         7886    i.SPI0_SetSpeed     spi_sd.o
    0x080182f4   0x080182f4   0x00000010   Code   RO         7047    i.SPI_Delay         ultrasonic.o
    0x08018304   0x08018304   0x00000058   Code   RO         7585    i.SPI_Software_SendData  motor.o
    0x0801835c   0x0801835c   0x0000005c   Code   RO         7048    i.SPI_Software_SendData2  ultrasonic.o
    0x080183b8   0x080183b8   0x00000074   Code   RO         7049    i.SPI_Software_init  ultrasonic.o
    0x0801842c   0x0801842c   0x00000f2c   Code   RO        13207    i.SaveOPERA         ff_user.o
    0x08019358   0x08019358   0x000000d4   Code   RO         6607    i.SendATCommand     4gcat1.o
    0x0801942c   0x0801942c   0x0000001c   Code   RO         9620    i.SendChar          hmi_user_uart.o
    0x08019448   0x08019448   0x0000001a   Code   RO         8934    i.SendNU8           hmi_driver.o
    0x08019462   0x08019462   0x00000016   Code   RO         8935    i.SendStrings       hmi_driver.o
    0x08019478   0x08019478   0x0000001a   Code   RO         8936    i.SetBackLight      hmi_driver.o
    0x08019492   0x08019492   0x0000003c   Code   RO         8938    i.SetButtonValue    hmi_driver.o
    0x080194ce   0x080194ce   0x0000001a   Code   RO         8939    i.SetBuzzer         hmi_driver.o
    0x080194e8   0x080194e8   0x0000003c   Code   RO         8942    i.SetControlEnable  hmi_driver.o
    0x08019524   0x08019524   0x0000003c   Code   RO         8945    i.SetControlVisiable  hmi_driver.o
    0x08019560   0x08019560   0x00000052   Code   RO         8953    i.SetProgressValue  hmi_driver.o
    0x080195b2   0x080195b2   0x0000002c   Code   RO         8954    i.SetScreen         hmi_driver.o
    0x080195de   0x080195de   0x00000052   Code   RO         8957    i.SetSliderValue    hmi_driver.o
    0x08019630   0x08019630   0x00000076   Code   RO         8958    i.SetTextFloat      hmi_driver.o
    0x080196a6   0x080196a6   0x00000076   Code   RO         8959    i.SetTextInt32      hmi_driver.o
    0x0801971c   0x0801971c   0x0000003c   Code   RO         8961    i.SetTextValue      hmi_driver.o
    0x08019758   0x08019758   0x00000010   Code   RO        13761    i.Set_NVIC_Offset   myota.o
    0x08019768   0x08019768   0x00000068   Code   RO        14377    i.Slave_Lora_Map    liu.o
    0x080197d0   0x080197d0   0x00000014   Code   RO        10691    i.StallGuardResetCheck  stallguard.o
    0x080197e4   0x080197e4   0x0000001c   Code   RO         6613    i.StartGSM          4gcat1.o
    0x08019800   0x08019800   0x00000074   Code   RO        11655    i.StartTask         task1.o
    0x08019874   0x08019874   0x00000038   Code   RO        14221    i.Str2Hex           loraprotocol.o
    0x080198ac   0x080198ac   0x00000010   Code   RO         5489    i.SysTick_Handler   gd32f20x_it.o
    0x080198bc   0x080198bc   0x000000f8   Code   RO            5    i.SystemInit        system_gd32f20x.o
    0x080199b4   0x080199b4   0x00000048   Code   RO         7050    i.TDC1000_REG_Init  ultrasonic.o
    0x080199fc   0x080199fc   0x00000044   Code   RO         7051    i.TDC1000_REG_InitRead  ultrasonic.o
    0x08019a40   0x08019a40   0x0000003c   Code   RO         7052    i.TDC1000_Read      ultrasonic.o
    0x08019a7c   0x08019a7c   0x00000040   Code   RO         7053    i.TDC1000_Write     ultrasonic.o
    0x08019abc   0x08019abc   0x00000028   Code   RO         7054    i.TDC1000_init      ultrasonic.o
    0x08019ae4   0x08019ae4   0x00000044   Code   RO         7057    i.TDC7200_Read      ultrasonic.o
    0x08019b28   0x08019b28   0x00000058   Code   RO         7058    i.TDC7200_Read24    ultrasonic.o
    0x08019b80   0x08019b80   0x00000040   Code   RO         7060    i.TDC7200_Write     ultrasonic.o
    0x08019bc0   0x08019bc0   0x00000034   Code   RO         7061    i.TDC7200_init      ultrasonic.o
    0x08019bf4   0x08019bf4   0x00000054   Code   RO         8358    i.TIMER1_IRQHandler  tims.o
    0x08019c48   0x08019c48   0x00000030   Code   RO         8359    i.TIMER2_IRQHandler  tims.o
    0x08019c78   0x08019c78   0x00000254   Code   RO         8360    i.TIMER3_IRQHandler  tims.o
    0x08019ecc   0x08019ecc   0x0000012c   Code   RO         7586    i.TMC5160A_1_Read   motor.o
    0x08019ff8   0x08019ff8   0x000000e4   Code   RO         7587    i.TMC5160A_1_Write  motor.o
    0x0801a0dc   0x0801a0dc   0x00000094   Code   RO        13949    i.TMC5160A_ChangeSpeed  tmc5160a.o
    0x0801a170   0x0801a170   0x0000004c   Code   RO        13950    i.TMC5160A_DIAGinit  tmc5160a.o
    0x0801a1bc   0x0801a1bc   0x0000008c   Code   RO        13952    i.TMC5160A_RUNDOWN  tmc5160a.o
    0x0801a248   0x0801a248   0x0000008c   Code   RO        13953    i.TMC5160A_RUNUP    tmc5160a.o
    0x0801a2d4   0x0801a2d4   0x00000140   Code   RO        13954    i.TMC5160A_RunSetting  tmc5160a.o
    0x0801a414   0x0801a414   0x00000048   Code   RO        13956    i.TMC5160A_SPI_init  tmc5160a.o
    0x0801a45c   0x0801a45c   0x00000050   Code   RO        13957    i.TMC5160A_STOP     tmc5160a.o
    0x0801a4ac   0x0801a4ac   0x00000020   Code   RO        13958    i.TMC5160A_TestStep  tmc5160a.o
    0x0801a4cc   0x0801a4cc   0x00000080   Code   RO        13959    i.TMC5160A_TestStep2  tmc5160a.o
    0x0801a54c   0x0801a54c   0x0000002c   Code   RO        13960    i.TMC5160A_TestStep_Count  tmc5160a.o
    0x0801a578   0x0801a578   0x00000064   Code   RO        13961    i.TMC5160A_init     tmc5160a.o
    0x0801a5dc   0x0801a5dc   0x00000034   Code   RO        13963    i.TMC5160_ClearStallGuard  tmc5160a.o
    0x0801a610   0x0801a610   0x000000a8   Code   RO        13967    i.TMC5160_ReadTSTEP_Value  tmc5160a.o
    0x0801a6b8   0x0801a6b8   0x00000010   Code   RO        13968    i.TMC5160_SPIMode_init  tmc5160a.o
    0x0801a6c8   0x0801a6c8   0x00000014   Code   RO        13969    i.TMC5160_SetAMAX   tmc5160a.o
    0x0801a6dc   0x0801a6dc   0x00000038   Code   RO        13970    i.TMC5160_SetCurrent  tmc5160a.o
    0x0801a714   0x0801a714   0x00000030   Code   RO        13972    i.TMC5160_SetSGT    tmc5160a.o
    0x0801a744   0x0801a744   0x000001f0   Code   RO        13974    i.TMC5160_StallGuardProcess  tmc5160a.o
    0x0801a934   0x0801a934   0x00000016   Code   RO        13976    i.TMC5160_moveBy    tmc5160a.o
    0x0801a94a   0x0801a94a   0x0000002a   Code   RO        13977    i.TMC5160_rotate    tmc5160a.o
    0x0801a974   0x0801a974   0x00000018   Code   RO        13978    i.TMC5160_stop      tmc5160a.o
    0x0801a98c   0x0801a98c   0x00000070   Code   RO         5490    i.UART3_IRQHandler  gd32f20x_it.o
    0x0801a9fc   0x0801a9fc   0x00000080   Code   RO         6272    i.UART4_IRQHandler  bluetooth.o
    0x0801aa7c   0x0801aa7c   0x0000009c   Code   RO         7691    i.UART6_IRQHandler  lcd.o
    0x0801ab18   0x0801ab18   0x00000098   Code   RO         6615    i.UART7_Config      4gcat1.o
    0x0801abb0   0x0801abb0   0x00000104   Code   RO         5491    i.UART7_IRQHandler  gd32f20x_it.o
    0x0801acb4   0x0801acb4   0x0000002c   Code   RO         7062    i.UCC27537_init     ultrasonic.o
    0x0801ace0   0x0801ace0   0x000000a0   Code   RO         6333    i.USART1_Config     rs232.o
    0x0801ad80   0x0801ad80   0x0000008c   Code   RO         5492    i.USART1_IRQHandler  gd32f20x_it.o
    0x0801ae0c   0x0801ae0c   0x00000078   Code   RO         5493    i.USART5_IRQHandler  gd32f20x_it.o
    0x0801ae84   0x0801ae84   0x00000020   Code   RO         7063    i.Ultra_All_init    ultrasonic.o
    0x0801aea4   0x0801aea4   0x00000090   Code   RO         7064    i.Ultra_MUX_init    ultrasonic.o
    0x0801af34   0x0801af34   0x00000090   Code   RO         7065    i.Ultra_ParPrePare  ultrasonic.o
    0x0801afc4   0x0801afc4   0x00000040   Code   RO         7067    i.Ultra_channelSwitch  ultrasonic.o
    0x0801b004   0x0801b004   0x000000f0   Code   RO         7069    i.Ultra_total       ultrasonic.o
    0x0801b0f4   0x0801b0f4   0x000012ac   Code   RO         8638    i.UpdateUI          cmd_process.o
    0x0801c3a0   0x0801c3a0   0x00000004   Code   RO         5494    i.UsageFault_Handler  gd32f20x_it.o
    0x0801c3a4   0x0801c3a4   0x00000050   Code   RO         7378    i.W25Q64_ReadWriteByte  w25qxx.o
    0x0801c3f4   0x0801c3f4   0x00000048   Code   RO         7381    i.W25QXX_Erase_Sector  w25qxx.o
    0x0801c43c   0x0801c43c   0x0000004c   Code   RO         7382    i.W25QXX_Init       w25qxx.o
    0x0801c488   0x0801c488   0x0000004c   Code   RO         7384    i.W25QXX_Read       w25qxx.o
    0x0801c4d4   0x0801c4d4   0x00000054   Code   RO         7385    i.W25QXX_ReadID     w25qxx.o
    0x0801c528   0x0801c528   0x0000002c   Code   RO         7386    i.W25QXX_ReadSR     w25qxx.o
    0x0801c554   0x0801c554   0x00000012   Code   RO         7393    i.W25QXX_Wait_Busy  w25qxx.o
    0x0801c566   0x0801c566   0x00000002   PAD
    0x0801c568   0x0801c568   0x000000b8   Code   RO         7394    i.W25QXX_Write      w25qxx.o
    0x0801c620   0x0801c620   0x00000020   Code   RO         7396    i.W25QXX_Write_Enable  w25qxx.o
    0x0801c640   0x0801c640   0x00000042   Code   RO         7397    i.W25QXX_Write_NoCheck  w25qxx.o
    0x0801c682   0x0801c682   0x00000002   PAD
    0x0801c684   0x0801c684   0x00000050   Code   RO         7398    i.W25QXX_Write_Page  w25qxx.o
    0x0801c6d4   0x0801c6d4   0x000000f8   Code   RO        10633    i.WatLev_HighCheck  watlevsafe.o
    0x0801c7cc   0x0801c7cc   0x00000010   Code   RO         6619    i._4GCat1_SendBuff  4gcat1.o
    0x0801c7dc   0x0801c7dc   0x00000012   Code   RO         6621    i._4GCat1_init      4gcat1.o
    0x0801c7ee   0x0801c7ee   0x00000002   PAD
    0x0801c7f0   0x0801c7f0   0x00000098   Code   RO         6622    i._4GCat1_read      4gcat1.o
    0x0801c888   0x0801c888   0x000000bc   Code   RO         6623    i._4GCat1_write     4gcat1.o
    0x0801c944   0x0801c944   0x00000050   Code   RO         6624    i._4GCat_CloseMSUB  4gcat1.o
    0x0801c994   0x0801c994   0x0000009c   Code   RO         6625    i._4GCat_Gpio_Config  4gcat1.o
    0x0801ca30   0x0801ca30   0x00000050   Code   RO         6626    i._4GCat_OpenMSUB   4gcat1.o
    0x0801ca80   0x0801ca80   0x00000070   Code   RO        13500    i._DoInit           segger_rtt.o
    0x0801caf0   0x0801caf0   0x0000001c   Code   RO        13501    i._GetAvailWriteSpace  segger_rtt.o
    0x0801cb0c   0x0801cb0c   0x000000ec   Code   RO        13669    i._PrintInt         segger_rtt_printf.o
    0x0801cbf8   0x0801cbf8   0x000000ec   Code   RO        13670    i._PrintUnsigned    segger_rtt_printf.o
    0x0801cce4   0x0801cce4   0x00000044   Code   RO        13671    i._StoreChar        segger_rtt_printf.o
    0x0801cd28   0x0801cd28   0x00000072   Code   RO        13503    i._WriteBlocking    segger_rtt.o
    0x0801cd9a   0x0801cd9a   0x0000004c   Code   RO        13504    i._WriteNoCheck     segger_rtt.o
    0x0801cde6   0x0801cde6   0x00000028   Code   RO        14856    i.__ARM_fpclassify  m_ws.l(fpclassify.o)
    0x0801ce0e   0x0801ce0e   0x00000002   PAD
    0x0801ce10   0x0801ce10   0x0000001c   Code   RO         9701    i.__ARM_isinf       data.o
    0x0801ce2c   0x0801ce2c   0x00000014   Code   RO         7070    i.__ARM_isinff      ultrasonic.o
    0x0801ce40   0x0801ce40   0x00000024   Code   RO         9702    i.__ARM_isnan       data.o
    0x0801ce64   0x0801ce64   0x00000024   Code   RO        10077    i.__ARM_isnan       flashdata.o
    0x0801ce88   0x0801ce88   0x0000000e   Code   RO         7071    i.__ARM_isnanf      ultrasonic.o
    0x0801ce96   0x0801ce96   0x00000002   PAD
    0x0801ce98   0x0801ce98   0x00000388   Code   RO        14861    i.__ieee754_rem_pio2  m_ws.l(rred.o)
    0x0801d220   0x0801d220   0x000000fc   Code   RO        14839    i.__kernel_cos      m_ws.l(cos_i.o)
    0x0801d31c   0x0801d31c   0x000000aa   Code   RO        14858    i.__kernel_poly     m_ws.l(poly.o)
    0x0801d3c6   0x0801d3c6   0x00000002   PAD
    0x0801d3c8   0x0801d3c8   0x000000ec   Code   RO        14866    i.__kernel_sin      m_ws.l(sin_i.o)
    0x0801d4b4   0x0801d4b4   0x00000010   Code   RO        14842    i.__mathlib_dbl_divzero  m_ws.l(dunder.o)
    0x0801d4c4   0x0801d4c4   0x00000006   Code   RO        14843    i.__mathlib_dbl_infnan  m_ws.l(dunder.o)
    0x0801d4ca   0x0801d4ca   0x00000004   Code   RO        14844    i.__mathlib_dbl_infnan2  m_ws.l(dunder.o)
    0x0801d4ce   0x0801d4ce   0x0000000c   Code   RO        14845    i.__mathlib_dbl_invalid  m_ws.l(dunder.o)
    0x0801d4da   0x0801d4da   0x0000000e   Code   RO        14846    i.__mathlib_dbl_overflow  m_ws.l(dunder.o)
    0x0801d4e8   0x0801d4e8   0x00000010   Code   RO        14848    i.__mathlib_dbl_underflow  m_ws.l(dunder.o)
    0x0801d4f8   0x0801d4f8   0x00000010   Code   RO        14998    i.__mathlib_narrow  m_ws.l(narrow.o)
    0x0801d508   0x0801d508   0x000000bc   Code   RO        14999    i.__mathlib_tofloat  m_ws.l(narrow.o)
    0x0801d5c4   0x0801d5c4   0x00000016   Code   RO        15118    i.__support_ldexp   m_ws.l(ldexp.o)
    0x0801d5da   0x0801d5da   0x0000000e   Code   RO        14535    i._is_digit         c_w.l(__printf_wp.o)
    0x0801d5e8   0x0801d5e8   0x0000002a   Code   RO          159    i.adc_calibration_enable  gd32f20x_adc.o
    0x0801d612   0x0801d612   0x00000046   Code   RO          160    i.adc_channel_length_config  gd32f20x_adc.o
    0x0801d658   0x0801d658   0x00000016   Code   RO          161    i.adc_data_alignment_config  gd32f20x_adc.o
    0x0801d66e   0x0801d66e   0x00000012   Code   RO          167    i.adc_enable        gd32f20x_adc.o
    0x0801d680   0x0801d680   0x0000003e   Code   RO          168    i.adc_external_trigger_config  gd32f20x_adc.o
    0x0801d6be   0x0801d6be   0x00000030   Code   RO          169    i.adc_external_trigger_source_config  gd32f20x_adc.o
    0x0801d6ee   0x0801d6ee   0x00000008   Code   RO          170    i.adc_flag_clear    gd32f20x_adc.o
    0x0801d6f6   0x0801d6f6   0x0000000e   Code   RO          171    i.adc_flag_get      gd32f20x_adc.o
    0x0801d704   0x0801d704   0x0000001c   Code   RO          179    i.adc_mode_config   gd32f20x_adc.o
    0x0801d720   0x0801d720   0x000000ac   Code   RO          183    i.adc_regular_channel_config  gd32f20x_adc.o
    0x0801d7cc   0x0801d7cc   0x00000008   Code   RO          184    i.adc_regular_data_read  gd32f20x_adc.o
    0x0801d7d4   0x0801d7d4   0x0000001e   Code   RO          186    i.adc_software_trigger_enable  gd32f20x_adc.o
    0x0801d7f2   0x0801d7f2   0x0000005a   Code   RO          187    i.adc_special_function_config  gd32f20x_adc.o
    0x0801d84c   0x0801d84c   0x00000198   Code   RO         6628    i.analysisCheck     4gcat1.o
    0x0801d9e4   0x0801d9e4   0x00000104   Code   RO        10555    i.autC_FloControl   autocontrol.o
    0x0801dae8   0x0801dae8   0x00000134   Code   RO        10558    i.autC_LevControl2  autocontrol.o
    0x0801dc1c   0x0801dc1c   0x0000000c   Code   RO        10559    i.autC_reset        autocontrol.o
    0x0801dc28   0x0801dc28   0x0000001c   Code   RO        11793    i.buf_getlen        base64.o
    0x0801dc44   0x0801dc44   0x00000058   Code   RO        12440    i.cJSON_Delete      cjson.o
    0x0801dc9c   0x0801dc9c   0x0000001e   Code   RO        12449    i.cJSON_GetObjectItem  cjson.o
    0x0801dcba   0x0801dcba   0x00000002   PAD
    0x0801dcbc   0x0801dcbc   0x00000020   Code   RO        12453    i.cJSON_New_Item    cjson.o
    0x0801dcdc   0x0801dcdc   0x00000010   Code   RO        12454    i.cJSON_Parse       cjson.o
    0x0801dcec   0x0801dcec   0x00000064   Code   RO        12455    i.cJSON_ParseWithOpts  cjson.o
    0x0801dd50   0x0801dd50   0x0000004c   Code   RO        12461    i.cJSON_strcasecmp  cjson.o
    0x0801dd9c   0x0801dd9c   0x00000160   Code   RO         9704    i.calc              data.o
    0x0801defc   0x0801defc   0x000000dc   Code   RO        14667    i.ceil              m_ws.l(ceil.o)
    0x0801dfd8   0x0801dfd8   0x000000e0   Code   RO        12837    i.check_fs          ff.o
    0x0801e0b8   0x0801e0b8   0x0000001a   Code   RO        12838    i.clst2sect         ff.o
    0x0801e0d2   0x0801e0d2   0x00000002   PAD
    0x0801e0d4   0x0801e0d4   0x0000009c   Code   RO        14671    i.cos               m_ws.l(cos.o)
    0x0801e170   0x0801e170   0x00000038   Code   RO         9841    i.crc               tool.o
    0x0801e1a8   0x0801e1a8   0x00000120   Code   RO        12839    i.create_chain      ff.o
    0x0801e2c8   0x0801e2c8   0x0000010c   Code   RO        12840    i.create_name       ff.o
    0x0801e3d4   0x0801e3d4   0x00000034   Code   RO        12842    i.dbc_1st           ff.o
    0x0801e408   0x0801e408   0x00000048   Code   RO        12843    i.dbc_2nd           ff.o
    0x0801e450   0x0801e450   0x0000005c   Code   RO         8215    i.delay_init        delay.o
    0x0801e4ac   0x0801e4ac   0x00000040   Code   RO         8216    i.delay_ms          delay.o
    0x0801e4ec   0x0801e4ec   0x00000048   Code   RO         8217    i.delay_us          delay.o
    0x0801e534   0x0801e534   0x0000005e   Code   RO        12845    i.dir_clear         ff.o
    0x0801e592   0x0801e592   0x0000006c   Code   RO        12846    i.dir_find          ff.o
    0x0801e5fe   0x0801e5fe   0x000000ca   Code   RO        12847    i.dir_next          ff.o
    0x0801e6c8   0x0801e6c8   0x00000074   Code   RO        12848    i.dir_read          ff.o
    0x0801e73c   0x0801e73c   0x0000009a   Code   RO        12851    i.dir_sdi           ff.o
    0x0801e7d6   0x0801e7d6   0x0000002a   Code   RO        12774    i.disk_initialize   diskio.o
    0x0801e800   0x0801e800   0x00000036   Code   RO        12776    i.disk_read         diskio.o
    0x0801e836   0x0801e836   0x0000000e   Code   RO        12777    i.disk_status       diskio.o
    0x0801e844   0x0801e844   0x00000024   Code   RO        12778    i.disk_write        diskio.o
    0x0801e868   0x0801e868   0x00000020   Code   RO         1403    i.dma_channel_disable  gd32f20x_dma.o
    0x0801e888   0x0801e888   0x00000020   Code   RO         1404    i.dma_channel_enable  gd32f20x_dma.o
    0x0801e8a8   0x0801e8a8   0x00000020   Code   RO         1405    i.dma_circulation_disable  gd32f20x_dma.o
    0x0801e8c8   0x0801e8c8   0x00000020   Code   RO         1406    i.dma_circulation_enable  gd32f20x_dma.o
    0x0801e8e8   0x0801e8e8   0x000000b0   Code   RO         8038    i.dma_config        spi_sd_dma.o
    0x0801e998   0x0801e998   0x00000078   Code   RO         1407    i.dma_deinit        gd32f20x_dma.o
    0x0801ea10   0x0801ea10   0x00000010   Code   RO         1408    i.dma_flag_clear    gd32f20x_dma.o
    0x0801ea20   0x0801ea20   0x00000018   Code   RO         1409    i.dma_flag_get      gd32f20x_dma.o
    0x0801ea38   0x0801ea38   0x00000116   Code   RO         1410    i.dma_init          gd32f20x_dma.o
    0x0801eb4e   0x0801eb4e   0x0000001e   Code   RO         1412    i.dma_interrupt_enable  gd32f20x_dma.o
    0x0801eb6c   0x0801eb6c   0x00000010   Code   RO         1413    i.dma_interrupt_flag_clear  gd32f20x_dma.o
    0x0801eb7c   0x0801eb7c   0x000000d0   Code   RO         1414    i.dma_interrupt_flag_get  gd32f20x_dma.o
    0x0801ec4c   0x0801ec4c   0x00000010   Code   RO         1415    i.dma_memory_address_config  gd32f20x_dma.o
    0x0801ec5c   0x0801ec5c   0x00000020   Code   RO         1418    i.dma_memory_to_memory_disable  gd32f20x_dma.o
    0x0801ec7c   0x0801ec7c   0x00000016   Code   RO         1426    i.dma_struct_para_init  gd32f20x_dma.o
    0x0801ec92   0x0801ec92   0x00000012   Code   RO         1428    i.dma_transfer_number_config  gd32f20x_dma.o
    0x0801eca4   0x0801eca4   0x00000010   Code   RO         1429    i.dma_transfer_number_get  gd32f20x_dma.o
    0x0801ecb4   0x0801ecb4   0x000000bc   Code   RO         2429    i.exti_init         gd32f20x_exti.o
    0x0801ed70   0x0801ed70   0x0000000c   Code   RO         2432    i.exti_interrupt_flag_clear  gd32f20x_exti.o
    0x0801ed7c   0x0801ed7c   0x00000018   Code   RO         2433    i.exti_interrupt_flag_get  gd32f20x_exti.o
    0x0801ed94   0x0801ed94   0x00000074   Code   RO        12861    i.f_opendir         ff.o
    0x0801ee08   0x0801ee08   0x00000056   Code   RO        12866    i.f_readdir         ff.o
    0x0801ee5e   0x0801ee5e   0x00000002   PAD
    0x0801ee60   0x0801ee60   0x0000001c   Code   RO        13350    i.ff_mutex_give     ffsystem.o
    0x0801ee7c   0x0801ee7c   0x00000024   Code   RO        13351    i.ff_mutex_take     ffsystem.o
    0x0801eea0   0x0801eea0   0x00000078   Code   RO        12873    i.find_volume       ff.o
    0x0801ef18   0x0801ef18   0x0000009e   Code   RO        12874    i.follow_path       ff.o
    0x0801efb6   0x0801efb6   0x00000002   PAD
    0x0801efb8   0x0801efb8   0x00000058   Code   RO        15082    i.frexp             m_ws.l(frexp.o)
    0x0801f010   0x0801f010   0x00000032   Code   RO        14222    i.fromCharHex       loraprotocol.o
    0x0801f042   0x0801f042   0x0000003a   Code   RO        14223    i.fromHexChar       loraprotocol.o
    0x0801f07c   0x0801f07c   0x0000004c   Code   RO        11888    i.ft                hmac_sha1.o
    0x0801f0c8   0x0801f0c8   0x00000068   Code   RO         2732    i.fwdgt_config      gd32f20x_fwdgt.o
    0x0801f130   0x0801f130   0x00000010   Code   RO         2733    i.fwdgt_counter_reload  gd32f20x_fwdgt.o
    0x0801f140   0x0801f140   0x00000010   Code   RO         2734    i.fwdgt_enable      gd32f20x_fwdgt.o
    0x0801f150   0x0801f150   0x0000000c   Code   RO         2738    i.fwdgt_write_disable  gd32f20x_fwdgt.o
    0x0801f15c   0x0801f15c   0x00000010   Code   RO         2739    i.fwdgt_write_enable  gd32f20x_fwdgt.o
    0x0801f16c   0x0801f16c   0x00000010   Code   RO         8540    i.gd32_wdgt_feed_dog  wdgt.o
    0x0801f17c   0x0801f17c   0x00000034   Code   RO         8541    i.gd32_wdgt_init    wdgt.o
    0x0801f1b0   0x0801f1b0   0x00000084   Code   RO         7072    i.getAllChannelValue  ultrasonic.o
    0x0801f234   0x0801f234   0x00000066   Code   RO        14224    i.getLen            loraprotocol.o
    0x0801f29a   0x0801f29a   0x00000002   PAD
    0x0801f29c   0x0801f29c   0x00000200   Code   RO         7073    i.getOneChannelValue  ultrasonic.o
    0x0801f49c   0x0801f49c   0x000000e0   Code   RO        12876    i.get_fat           ff.o
    0x0801f57c   0x0801f57c   0x00000092   Code   RO        12877    i.get_fileinfo      ff.o
    0x0801f60e   0x0801f60e   0x0000004e   Code   RO        12878    i.get_ldnumber      ff.o
    0x0801f65c   0x0801f65c   0x00000004   Code   RO         2799    i.gpio_bit_reset    gd32f20x_gpio.o
    0x0801f660   0x0801f660   0x00000004   Code   RO         2800    i.gpio_bit_set      gd32f20x_gpio.o
    0x0801f664   0x0801f664   0x00000098   Code   RO         2807    i.gpio_exti_source_select  gd32f20x_gpio.o
    0x0801f6fc   0x0801f6fc   0x000000ac   Code   RO         2808    i.gpio_init         gd32f20x_gpio.o
    0x0801f7a8   0x0801f7a8   0x00000090   Code   RO         2815    i.gpio_pin_remap_config  gd32f20x_gpio.o
    0x0801f838   0x0801f838   0x0000012e   Code   RO        11889    i.hmac_sha1         hmac_sha1.o
    0x0801f966   0x0801f966   0x00000002   PAD
    0x0801f968   0x0801f968   0x000000f4   Code   RO         9665    i.hmi_StallGuard2_update  hmi_chart.o
    0x0801fa5c   0x0801fa5c   0x000000a8   Code   RO         8639    i.identityJudge     cmd_process.o
    0x0801fb04   0x0801fb04   0x0000015c   Code   RO         8640    i.identityJudge2    cmd_process.o
    0x0801fc60   0x0801fc60   0x0000000c   Code   RO         5838    i.init_all          main.o
    0x0801fc6c   0x0801fc6c   0x00000034   Code   RO        11890    i.k                 hmac_sha1.o
    0x0801fca0   0x0801fca0   0x00000026   Code   RO        12881    i.ld_clust          ff.o
    0x0801fcc6   0x0801fcc6   0x00000018   Code   RO        12882    i.ld_dword          ff.o
    0x0801fcde   0x0801fcde   0x0000000c   Code   RO        12883    i.ld_word           ff.o
    0x0801fcea   0x0801fcea   0x00000074   Code   RO        15119    i.ldexp             m_ws.l(ldexp.o)
    0x0801fd5e   0x0801fd5e   0x00000002   PAD
    0x0801fd60   0x0801fd60   0x0000011c   Code   RO        14378    i.liu_Lora_ReadTerminal  liu.o
    0x0801fe7c   0x0801fe7c   0x00000090   Code   RO        14175    i.liu_lora_map_SetHoldReg  lora_map.o
    0x0801ff0c   0x0801ff0c   0x0000001c   Code   RO        12884    i.lock_volume       ff.o
    0x0801ff28   0x0801ff28   0x00000154   Code   RO         5839    i.main              main.o
    0x0802007c   0x0802007c   0x0000010c   Code   RO         7591    i.motor_AutoControl  motor.o
    0x08020188   0x08020188   0x000000d8   Code   RO         7592    i.motor_control1    motor.o
    0x08020260   0x08020260   0x00000070   Code   RO         7593    i.motor_limit       motor.o
    0x080202d0   0x080202d0   0x000002b0   Code   RO        12885    i.mount_volume      ff.o
    0x08020580   0x08020580   0x00000034   Code   RO        12886    i.move_window       ff.o
    0x080205b4   0x080205b4   0x00000210   Code   RO        13880    i.myOnenet_CheckLink  myonenet.o
    0x080207c4   0x080207c4   0x000000ac   Code   RO         3342    i.nvic_irq_enable   gd32f20x_misc.o
    0x08020870   0x08020870   0x00000014   Code   RO         3343    i.nvic_priority_group_set  gd32f20x_misc.o
    0x08020884   0x08020884   0x00000024   Code   RO         3344    i.nvic_vector_table_set  gd32f20x_misc.o
    0x080208a8   0x080208a8   0x000000ac   Code   RO        12465    i.parse_array       cjson.o
    0x08020954   0x08020954   0x00000114   Code   RO        12466    i.parse_hex4        cjson.o
    0x08020a68   0x08020a68   0x000001bc   Code   RO        12467    i.parse_number      cjson.o
    0x08020c24   0x08020c24   0x00000114   Code   RO        12468    i.parse_object      cjson.o
    0x08020d38   0x08020d38   0x000001cc   Code   RO        12469    i.parse_string      cjson.o
    0x08020f04   0x08020f04   0x000000bc   Code   RO        12470    i.parse_value       cjson.o
    0x08020fc0   0x08020fc0   0x000009d8   Code   RO        14683    i.pow               m_ws.l(pow.o)
    0x08021998   0x08021998   0x00000088   Code   RO         7541    i.power_adc_init2   power.o
    0x08021a20   0x08021a20   0x00000098   Code   RO        11046    i.prvAddCurrentTaskToDelayedList  tasks.o
    0x08021ab8   0x08021ab8   0x000000b4   Code   RO        11047    i.prvAddNewTaskToReadyList  tasks.o
    0x08021b6c   0x08021b6c   0x0000004c   Code   RO        11379    i.prvCheckForValidListAndQueue  timers.o
    0x08021bb8   0x08021bb8   0x00000064   Code   RO        11048    i.prvCheckTasksWaitingTermination  tasks.o
    0x08021c1c   0x08021c1c   0x0000002a   Code   RO        10896    i.prvCopyDataFromQueue  queue.o
    0x08021c46   0x08021c46   0x0000007c   Code   RO        10897    i.prvCopyDataToQueue  queue.o
    0x08021cc2   0x08021cc2   0x00000012   Code   RO        11049    i.prvDeleteTCB      tasks.o
    0x08021cd4   0x08021cd4   0x00000028   Code   RO        11380    i.prvGetNextExpireTime  timers.o
    0x08021cfc   0x08021cfc   0x0000007c   Code   RO        11592    i.prvHeapInit       heap_4.o
    0x08021d78   0x08021d78   0x00000028   Code   RO        11050    i.prvIdleTask       tasks.o
    0x08021da0   0x08021da0   0x0000001c   Code   RO        10898    i.prvInitialiseMutex  queue.o
    0x08021dbc   0x08021dbc   0x00000026   Code   RO        10899    i.prvInitialiseNewQueue  queue.o
    0x08021de2   0x08021de2   0x00000090   Code   RO        11051    i.prvInitialiseNewTask  tasks.o
    0x08021e72   0x08021e72   0x00000002   PAD
    0x08021e74   0x08021e74   0x00000068   Code   RO        11052    i.prvInitialiseTaskLists  tasks.o
    0x08021edc   0x08021edc   0x00000068   Code   RO        11593    i.prvInsertBlockIntoFreeList  heap_4.o
    0x08021f44   0x08021f44   0x00000058   Code   RO        11382    i.prvInsertTimerInActiveList  timers.o
    0x08021f9c   0x08021f9c   0x0000001a   Code   RO        10900    i.prvIsQueueEmpty   queue.o
    0x08021fb6   0x08021fb6   0x0000001e   Code   RO        10901    i.prvIsQueueFull    queue.o
    0x08021fd4   0x08021fd4   0x0000004c   Code   RO        11383    i.prvProcessExpiredTimer  timers.o
    0x08022020   0x08022020   0x000000bc   Code   RO        11384    i.prvProcessReceivedCommands  timers.o
    0x080220dc   0x080220dc   0x00000074   Code   RO        11385    i.prvProcessTimerOrBlockTask  timers.o
    0x08022150   0x08022150   0x00000034   Code   RO        11053    i.prvResetNextTaskUnblockTime  tasks.o
    0x08022184   0x08022184   0x0000002c   Code   RO        11386    i.prvSampleTimeNow  timers.o
    0x080221b0   0x080221b0   0x00000084   Code   RO        11387    i.prvSwitchTimerLists  timers.o
    0x08022234   0x08022234   0x00000016   Code   RO        11054    i.prvTaskCheckFreeStackSpace  tasks.o
    0x0802224a   0x0802224a   0x00000016   Code   RO        11510    i.prvTaskExitError  port.o
    0x08022260   0x08022260   0x0000001a   Code   RO        11388    i.prvTimerTask      timers.o
    0x0802227a   0x0802227a   0x0000007e   Code   RO        10902    i.prvUnlockQueue    queue.o
    0x080222f8   0x080222f8   0x00000138   Code   RO        12887    i.put_fat           ff.o
    0x08022430   0x08022430   0x000000d0   Code   RO        11594    i.pvPortMalloc      heap_4.o
    0x08022500   0x08022500   0x00000020   Code   RO        11056    i.pvTaskIncrementMutexHeldCount  tasks.o
    0x08022520   0x08022520   0x00000024   Code   RO        11511    i.pxPortInitialiseStack  port.o
    0x08022544   0x08022544   0x00000098   Code   RO         8792    i.queue_find_cmd    cmd_queue.o
    0x080225dc   0x080225dc   0x00000034   Code   RO         8793    i.queue_pop         cmd_queue.o
    0x08022610   0x08022610   0x00000040   Code   RO         8794    i.queue_push        cmd_queue.o
    0x08022650   0x08022650   0x00000024   Code   RO         8796    i.queue_size        cmd_queue.o
    0x08022674   0x08022674   0x0000004c   Code   RO         3492    i.rcu_adc_clock_config  gd32f20x_rcu.o
    0x080226c0   0x080226c0   0x00000170   Code   RO         3501    i.rcu_clock_freq_get  gd32f20x_rcu.o
    0x08022830   0x08022830   0x00000024   Code   RO         3504    i.rcu_flag_get      gd32f20x_rcu.o
    0x08022854   0x08022854   0x00000020   Code   RO         3518    i.rcu_osci_on       gd32f20x_rcu.o
    0x08022874   0x08022874   0x0000015c   Code   RO         3519    i.rcu_osci_stab_wait  gd32f20x_rcu.o
    0x080229d0   0x080229d0   0x00000020   Code   RO         3521    i.rcu_periph_clock_enable  gd32f20x_rcu.o
    0x080229f0   0x080229f0   0x00000020   Code   RO         3524    i.rcu_periph_reset_disable  gd32f20x_rcu.o
    0x08022a10   0x08022a10   0x00000020   Code   RO         3525    i.rcu_periph_reset_enable  gd32f20x_rcu.o
    0x08022a30   0x08022a30   0x0000002e   Code   RO        11891    i.rotl              hmac_sha1.o
    0x08022a5e   0x08022a5e   0x00000002   PAD
    0x08022a60   0x08022a60   0x00000094   Code   RO        14692    i.round             m_ws.l(round.o)
    0x08022af4   0x08022af4   0x00000010   Code   RO         3792    i.rtc_flag_clear    gd32f20x_rtc.o
    0x08022b04   0x08022b04   0x00000018   Code   RO         3793    i.rtc_flag_get      gd32f20x_rtc.o
    0x08022b1c   0x08022b1c   0x00000284   Code   RO        11893    i.sha1              hmac_sha1.o
    0x08022da0   0x08022da0   0x000000a0   Code   RO        14695    i.sin               m_ws.l(sin.o)
    0x08022e40   0x08022e40   0x00000012   Code   RO        12478    i.skip              cjson.o
    0x08022e52   0x08022e52   0x00000002   PAD
    0x08022e54   0x08022e54   0x00000030   Code   RO         7887    i.spi0_init         spi_sd.o
    0x08022e84   0x08022e84   0x00000016   Code   RO         4190    i.spi_dma_enable    gd32f20x_spi.o
    0x08022e9a   0x08022e9a   0x00000002   PAD
    0x08022e9c   0x08022e9c   0x00000074   Code   RO         8044    i.spi_dma_test      spi_sd_dma.o
    0x08022f10   0x08022f10   0x0000000a   Code   RO         4191    i.spi_enable        gd32f20x_spi.o
    0x08022f1a   0x08022f1a   0x00000002   PAD
    0x08022f1c   0x08022f1c   0x00000058   Code   RO         4195    i.spi_i2s_deinit    gd32f20x_spi.o
    0x08022f74   0x08022f74   0x00000032   Code   RO         4200    i.spi_init          gd32f20x_spi.o
    0x08022fa6   0x08022fa6   0x0000004c   Code   RO        14873    i.sqrt              m_ws.l(sqrt.o)
    0x08022ff2   0x08022ff2   0x00000018   Code   RO        12893    i.st_dword          ff.o
    0x0802300a   0x0802300a   0x0000000c   Code   RO        12894    i.st_word           ff.o
    0x08023016   0x08023016   0x0000004a   Code   RO        12896    i.sync_window       ff.o
    0x08023060   0x08023060   0x000000e4   Code   RO            6    i.system_clock_120m_hxtal  system_gd32f20x.o
    0x08023144   0x08023144   0x00000008   Code   RO            7    i.system_clock_config  system_gd32f20x.o
    0x0802314c   0x0802314c   0x00000028   Code   RO         3347    i.systick_clksource_set  gd32f20x_misc.o
    0x08023174   0x08023174   0x00000078   Code   RO         6633    i.testGSM           4gcat1.o
    0x080231ec   0x080231ec   0x00000084   Code   RO         5938    i.testSD            test.o
    0x08023270   0x08023270   0x00000010   Code   RO         5939    i.testshow          test.o
    0x08023280   0x08023280   0x0000006c   Code   RO         8361    i.timer1_config     tims.o
    0x080232ec   0x080232ec   0x00000064   Code   RO         8362    i.timer2_config     tims.o
    0x08023350   0x08023350   0x0000006c   Code   RO         8363    i.timer3_config     tims.o
    0x080233bc   0x080233bc   0x00000184   Code   RO         4441    i.timer_deinit      gd32f20x_timer.o
    0x08023540   0x08023540   0x0000000a   Code   RO         4446    i.timer_enable      gd32f20x_timer.o
    0x0802354a   0x0802354a   0x00000002   PAD
    0x0802354c   0x0802354c   0x000000e0   Code   RO         4456    i.timer_init        gd32f20x_timer.o
    0x0802362c   0x0802362c   0x00000008   Code   RO         4463    i.timer_interrupt_enable  gd32f20x_timer.o
    0x08023634   0x08023634   0x00000006   Code   RO         4464    i.timer_interrupt_flag_clear  gd32f20x_timer.o
    0x0802363a   0x0802363a   0x00000018   Code   RO         4465    i.timer_interrupt_flag_get  gd32f20x_timer.o
    0x08023652   0x08023652   0x00000016   Code   RO         4475    i.timer_struct_para_init  gd32f20x_timer.o
    0x08023668   0x08023668   0x0000001c   Code   RO        12897    i.unlock_volume     ff.o
    0x08023684   0x08023684   0x000000c4   Code   RO         5089    i.usart_baudrate_set  gd32f20x_usart.o
    0x08023748   0x08023748   0x0000000a   Code   RO         5092    i.usart_data_receive  gd32f20x_usart.o
    0x08023752   0x08023752   0x00000008   Code   RO         5093    i.usart_data_transmit  gd32f20x_usart.o
    0x0802375a   0x0802375a   0x00000002   PAD
    0x0802375c   0x0802375c   0x000000dc   Code   RO         5094    i.usart_deinit      gd32f20x_usart.o
    0x08023838   0x08023838   0x00000014   Code   RO         5096    i.usart_dma_receive_config  gd32f20x_usart.o
    0x0802384c   0x0802384c   0x00000014   Code   RO         5097    i.usart_dma_transmit_config  gd32f20x_usart.o
    0x08023860   0x08023860   0x0000000a   Code   RO         5098    i.usart_enable      gd32f20x_usart.o
    0x0802386a   0x0802386a   0x0000001e   Code   RO         5100    i.usart_flag_get    gd32f20x_usart.o
    0x08023888   0x08023888   0x00000014   Code   RO         5104    i.usart_hardware_flow_cts_config  gd32f20x_usart.o
    0x0802389c   0x0802389c   0x00000014   Code   RO         5105    i.usart_hardware_flow_rts_config  gd32f20x_usart.o
    0x080238b0   0x080238b0   0x0000001a   Code   RO         5106    i.usart_interrupt_disable  gd32f20x_usart.o
    0x080238ca   0x080238ca   0x0000001a   Code   RO         5107    i.usart_interrupt_enable  gd32f20x_usart.o
    0x080238e4   0x080238e4   0x00000012   Code   RO         5108    i.usart_interrupt_flag_clear  gd32f20x_usart.o
    0x080238f6   0x080238f6   0x00000038   Code   RO         5109    i.usart_interrupt_flag_get  gd32f20x_usart.o
    0x0802392e   0x0802392e   0x00000010   Code   RO         5120    i.usart_parity_config  gd32f20x_usart.o
    0x0802393e   0x0802393e   0x00000014   Code   RO         5122    i.usart_receive_config  gd32f20x_usart.o
    0x08023952   0x08023952   0x00000010   Code   RO         5132    i.usart_stop_bit_set  gd32f20x_usart.o
    0x08023962   0x08023962   0x00000014   Code   RO         5136    i.usart_transmit_config  gd32f20x_usart.o
    0x08023976   0x08023976   0x00000010   Code   RO         5137    i.usart_word_length_set  gd32f20x_usart.o
    0x08023986   0x08023986   0x00000028   Code   RO        10848    i.uxListRemove      list.o
    0x080239ae   0x080239ae   0x00000002   PAD
    0x080239b0   0x080239b0   0x00000028   Code   RO        11059    i.uxTaskGetStackHighWaterMark  tasks.o
    0x080239d8   0x080239d8   0x0000001a   Code   RO        10849    i.vListInitialise   list.o
    0x080239f2   0x080239f2   0x00000006   Code   RO        10850    i.vListInitialiseItem  list.o
    0x080239f8   0x080239f8   0x00000034   Code   RO        10851    i.vListInsert       list.o
    0x08023a2c   0x08023a2c   0x00000018   Code   RO        10852    i.vListInsertEnd    list.o
    0x08023a44   0x08023a44   0x00000024   Code   RO        11513    i.vPortEnterCritical  port.o
    0x08023a68   0x08023a68   0x00000020   Code   RO        11514    i.vPortExitCritical  port.o
    0x08023a88   0x08023a88   0x00000048   Code   RO        11595    i.vPortFree         heap_4.o
    0x08023ad0   0x08023ad0   0x00000014   Code   RO        11515    i.vPortSetupTimerInterrupt  port.o
    0x08023ae4   0x08023ae4   0x0000004a   Code   RO        10907    i.vQueueWaitForMessageRestricted  queue.o
    0x08023b2e   0x08023b2e   0x00000002   PAD
    0x08023b30   0x08023b30   0x00000078   Code   RO        11657    i.vTask1            task1.o
    0x08023ba8   0x08023ba8   0x00000070   Code   RO        11658    i.vTask2            task1.o
    0x08023c18   0x08023c18   0x000001ac   Code   RO        11659    i.vTask3            task1.o
    0x08023dc4   0x08023dc4   0x0000009c   Code   RO        11660    i.vTask4            task1.o
    0x08023e60   0x08023e60   0x00000058   Code   RO        11661    i.vTask5            task1.o
    0x08023eb8   0x08023eb8   0x00000034   Code   RO        11063    i.vTaskDelay        tasks.o
    0x08023eec   0x08023eec   0x000000cc   Code   RO        11065    i.vTaskDelete       tasks.o
    0x08023fb8   0x08023fb8   0x0000000c   Code   RO        11067    i.vTaskMissedYield  tasks.o
    0x08023fc4   0x08023fc4   0x00000020   Code   RO        11069    i.vTaskPlaceOnEventList  tasks.o
    0x08023fe4   0x08023fe4   0x00000028   Code   RO        11070    i.vTaskPlaceOnEventListRestricted  tasks.o
    0x0802400c   0x0802400c   0x000000b0   Code   RO        11072    i.vTaskPriorityInherit  tasks.o
    0x080240bc   0x080240bc   0x00000018   Code   RO        11075    i.vTaskSetTimeOutState  tasks.o
    0x080240d4   0x080240d4   0x00000070   Code   RO        11076    i.vTaskStartScheduler  tasks.o
    0x08024144   0x08024144   0x00000010   Code   RO        11078    i.vTaskSuspendAll   tasks.o
    0x08024154   0x08024154   0x00000060   Code   RO        11079    i.vTaskSwitchContext  tasks.o
    0x080241b4   0x080241b4   0x00000054   Code   RO        12898    i.validate          ff.o
    0x08024208   0x08024208   0x00000034   Code   RO        11516    i.xPortStartScheduler  port.o
    0x0802423c   0x0802423c   0x00000034   Code   RO        11517    i.xPortSysTickHandler  port.o
    0x08024270   0x08024270   0x00000022   Code   RO        10908    i.xQueueCreateMutex  queue.o
    0x08024292   0x08024292   0x00000038   Code   RO        10909    i.xQueueGenericCreate  queue.o
    0x080242ca   0x080242ca   0x00000002   PAD
    0x080242cc   0x080242cc   0x0000015c   Code   RO        10910    i.xQueueGenericReceive  queue.o
    0x08024428   0x08024428   0x00000080   Code   RO        10911    i.xQueueGenericReset  queue.o
    0x080244a8   0x080244a8   0x00000118   Code   RO        10912    i.xQueueGenericSend  queue.o
    0x080245c0   0x080245c0   0x00000086   Code   RO        10913    i.xQueueGenericSendFromISR  queue.o
    0x08024646   0x08024646   0x00000002   PAD
    0x08024648   0x08024648   0x0000005c   Code   RO        11080    i.xTaskCheckForTimeOut  tasks.o
    0x080246a4   0x080246a4   0x00000060   Code   RO        11081    i.xTaskCreate       tasks.o
    0x08024704   0x08024704   0x00000020   Code   RO        11085    i.xTaskGetSchedulerState  tasks.o
    0x08024724   0x08024724   0x0000000c   Code   RO        11086    i.xTaskGetTickCount  tasks.o
    0x08024730   0x08024730   0x0000011c   Code   RO        11088    i.xTaskIncrementTick  tasks.o
    0x0802484c   0x0802484c   0x00000084   Code   RO        11091    i.xTaskPriorityDisinherit  tasks.o
    0x080248d0   0x080248d0   0x00000080   Code   RO        11092    i.xTaskRemoveFromEventList  tasks.o
    0x08024950   0x08024950   0x000000e8   Code   RO        11094    i.xTaskResumeAll    tasks.o
    0x08024a38   0x08024a38   0x00000040   Code   RO        11392    i.xTimerCreateTimerTask  timers.o
    0x08024a78   0x08024a78   0x0000006c   Code   RO        11393    i.xTimerGenericCommand  timers.o
    0x08024ae4   0x08024ae4   0x0000002c   Code   RO        14771    locale$$code        c_w.l(lc_ctype_c.o)
    0x08024b10   0x08024b10   0x0000002c   Code   RO        14965    locale$$code        c_w.l(lc_numeric_c.o)
    0x08024b3c   0x08024b3c   0x00000062   Code   RO        14594    x$fpl$d2f           fz_ws.l(d2f.o)
    0x08024b9e   0x08024b9e   0x00000002   PAD
    0x08024ba0   0x08024ba0   0x00000150   Code   RO        14596    x$fpl$dadd          fz_ws.l(daddsub_clz.o)
    0x08024cf0   0x08024cf0   0x00000010   Code   RO        14980    x$fpl$dcheck1       fz_ws.l(dcheck1.o)
    0x08024d00   0x08024d00   0x00000018   Code   RO        14822    x$fpl$dcmpinf       fz_ws.l(dcmpi.o)
    0x08024d18   0x08024d18   0x000002b0   Code   RO        14603    x$fpl$ddiv          fz_ws.l(ddiv.o)
    0x08024fc8   0x08024fc8   0x00000078   Code   RO        14606    x$fpl$deqf          fz_ws.l(deqf.o)
    0x08025040   0x08025040   0x0000005e   Code   RO        14608    x$fpl$dfix          fz_ws.l(dfix.o)
    0x0802509e   0x0802509e   0x00000002   PAD
    0x080250a0   0x080250a0   0x0000005a   Code   RO        14612    x$fpl$dfixu         fz_ws.l(dfixu.o)
    0x080250fa   0x080250fa   0x0000002e   Code   RO        14617    x$fpl$dflt          fz_ws.l(dflt_clz.o)
    0x08025128   0x08025128   0x00000026   Code   RO        14616    x$fpl$dfltu         fz_ws.l(dflt_clz.o)
    0x0802514e   0x0802514e   0x00000002   PAD
    0x08025150   0x08025150   0x00000078   Code   RO        14622    x$fpl$dleqf         fz_ws.l(dleqf.o)
    0x080251c8   0x080251c8   0x00000154   Code   RO        14624    x$fpl$dmul          fz_ws.l(dmul.o)
    0x0802531c   0x0802531c   0x0000009c   Code   RO        14824    x$fpl$dnaninf       fz_ws.l(dnaninf.o)
    0x080253b8   0x080253b8   0x0000000c   Code   RO        14826    x$fpl$dretinf       fz_ws.l(dretinf.o)
    0x080253c4   0x080253c4   0x0000006c   Code   RO        14626    x$fpl$drleqf        fz_ws.l(drleqf.o)
    0x08025430   0x08025430   0x000000b4   Code   RO        14828    x$fpl$drnd          fz_ws.l(drnd.o)
    0x080254e4   0x080254e4   0x00000016   Code   RO        14597    x$fpl$drsb          fz_ws.l(daddsub_clz.o)
    0x080254fa   0x080254fa   0x00000002   PAD
    0x080254fc   0x080254fc   0x000001cc   Code   RO        14982    x$fpl$dsqrt         fz_ws.l(dsqrt_noumaal.o)
    0x080256c8   0x080256c8   0x000001d4   Code   RO        14598    x$fpl$dsub          fz_ws.l(daddsub_clz.o)
    0x0802589c   0x0802589c   0x00000056   Code   RO        14628    x$fpl$f2d           fz_ws.l(f2d.o)
    0x080258f2   0x080258f2   0x00000002   PAD
    0x080258f4   0x080258f4   0x000000c4   Code   RO        14630    x$fpl$fadd          fz_ws.l(faddsub_clz.o)
    0x080259b8   0x080259b8   0x00000018   Code   RO        14830    x$fpl$fcmpinf       fz_ws.l(fcmpi.o)
    0x080259d0   0x080259d0   0x00000184   Code   RO        14637    x$fpl$fdiv          fz_ws.l(fdiv.o)
    0x08025b54   0x08025b54   0x00000068   Code   RO        14640    x$fpl$feqf          fz_ws.l(feqf.o)
    0x08025bbc   0x08025bbc   0x00000036   Code   RO        14642    x$fpl$ffix          fz_ws.l(ffix.o)
    0x08025bf2   0x08025bf2   0x00000002   PAD
    0x08025bf4   0x08025bf4   0x0000003e   Code   RO        14646    x$fpl$ffixu         fz_ws.l(ffixu.o)
    0x08025c32   0x08025c32   0x00000002   PAD
    0x08025c34   0x08025c34   0x00000030   Code   RO        14651    x$fpl$fflt          fz_ws.l(fflt_clz.o)
    0x08025c64   0x08025c64   0x00000026   Code   RO        14650    x$fpl$ffltu         fz_ws.l(fflt_clz.o)
    0x08025c8a   0x08025c8a   0x00000002   PAD
    0x08025c8c   0x08025c8c   0x00000068   Code   RO        14656    x$fpl$fleqf         fz_ws.l(fleqf.o)
    0x08025cf4   0x08025cf4   0x00000102   Code   RO        14658    x$fpl$fmul          fz_ws.l(fmul.o)
    0x08025df6   0x08025df6   0x0000008c   Code   RO        14832    x$fpl$fnaninf       fz_ws.l(fnaninf.o)
    0x08025e82   0x08025e82   0x0000000a   Code   RO        14834    x$fpl$fretinf       fz_ws.l(fretinf.o)
    0x08025e8c   0x08025e8c   0x00000062   Code   RO        14660    x$fpl$frleqf        fz_ws.l(frleqf.o)
    0x08025eee   0x08025eee   0x00000014   Code   RO        14631    x$fpl$frsb          fz_ws.l(faddsub_clz.o)
    0x08025f02   0x08025f02   0x00000002   PAD
    0x08025f04   0x08025f04   0x000000ea   Code   RO        14632    x$fpl$fsub          fz_ws.l(faddsub_clz.o)
    0x08025fee   0x08025fee   0x00000006   Code   RO        14990    x$fpl$ieeestatus    fz_ws.l(istatus.o)
    0x08025ff4   0x08025ff4   0x00000004   Code   RO        14662    x$fpl$printf1       fz_ws.l(printf1.o)
    0x08025ff8   0x08025ff8   0x00000064   Code   RO        15079    x$fpl$retnan        fz_ws.l(retnan.o)
    0x0802605c   0x0802605c   0x0000005c   Code   RO        14836    x$fpl$scalbn        fz_ws.l(scalbn.o)
    0x080260b8   0x080260b8   0x00000004   Code   RO        14664    x$fpl$scanf1        fz_ws.l(scanf1.o)
    0x080260bc   0x080260bc   0x00000008   Code   RO        14992    x$fpl$scanf2        fz_ws.l(scanf2.o)
    0x080260c4   0x080260c4   0x00000030   Code   RO        15115    x$fpl$trapveneer    fz_ws.l(trapv.o)
    0x080260f4   0x080260f4   0x00000000   Code   RO        14838    x$fpl$usenofp       fz_ws.l(usenofp.o)
    0x080260f4   0x080260f4   0x00000007   Data   RO         6035    .constdata          ds3231.o
    0x080260fb   0x080260fb   0x0000003e   Data   RO         8122    .constdata          rtc.o
    0x08026139   0x08026139   0x00000003   PAD
    0x0802613c   0x0802613c   0x00000224   Data   RO         9862    .constdata          tool.o
    0x08026360   0x08026360   0x000000c0   Data   RO        11794    .constdata          base64.o
    0x08026420   0x08026420   0x00000007   Data   RO        12481    .constdata          cjson.o
    0x08026427   0x08026427   0x00000001   PAD
    0x08026428   0x08026428   0x00000038   Data   RO        12899    .constdata          ff.o
    0x08026460   0x08026460   0x00000010   Data   RO        13672    .constdata          segger_rtt_printf.o
    0x08026470   0x08026470   0x00000011   Data   RO        14543    .constdata          c_w.l(__printf_flags_ss_wp.o)
    0x08026481   0x08026481   0x00000007   PAD
    0x08026488   0x08026488   0x00000088   Data   RO        14684    .constdata          m_ws.l(pow.o)
    0x08026510   0x08026510   0x00000030   Data   RO        14840    .constdata          m_ws.l(cos_i.o)
    0x08026540   0x08026540   0x00000008   Data   RO        14860    .constdata          m_ws.l(qnan.o)
    0x08026548   0x08026548   0x000000c8   Data   RO        14863    .constdata          m_ws.l(rred.o)
    0x08026610   0x08026610   0x00000028   Data   RO        14867    .constdata          m_ws.l(sin_i.o)
    0x08026638   0x08026638   0x00000094   Data   RO        14926    .constdata          c_w.l(bigflt0.o)
    0x080266cc   0x080266cc   0x000000a0   Data   RO         6636    .conststring        4gcat1.o
    0x0802676c   0x0802676c   0x000000a4   Data   RO        10270    .conststring        logdata.o
    0x08026810   0x08026810   0x00000047   Data   RO        13883    .conststring        myonenet.o
    0x08026857   0x08026857   0x00000001   PAD
    0x08026858   0x08026858   0x0000009c   Data   RO        13980    .conststring        tmc5160a.o
    0x080268f4   0x080268f4   0x00000020   Data   RO        15165    Region$$Table       anon$$obj.o
    0x08026914   0x08026914   0x00000008   Data   RO        14984    c$$dinf             fz_ws.l(fpconst.o)
    0x0802691c   0x0802691c   0x00000008   Data   RO        14987    c$$dmax             fz_ws.l(fpconst.o)
    0x08026924   0x08026924   0x00000110   Data   RO        14770    locale$$data        c_w.l(lc_ctype_c.o)
    0x08026a34   0x08026a34   0x0000001c   Data   RO        14964    locale$$data        c_w.l(lc_numeric_c.o)


    Execution Region RW_IRAM1 (Exec base: 0x20000000, Load base: 0x08026a50, Size: 0x0003ffa8, Max: 0x00040000, ABSOLUTE, COMPRESSED[0x000000a0])

    Exec Addr    Load Addr    Size         Type   Attr      Idx    E Section Name        Object

    0x20000000   COMPRESSED   0x00000004   Data   RW            8    .data               system_gd32f20x.o
    0x20000004   COMPRESSED   0x00000001   Data   RW         5495    .data               gd32f20x_it.o
    0x20000005   COMPRESSED   0x00000003   PAD
    0x20000008   COMPRESSED   0x0000001c   Data   RW         5840    .data               main.o
    0x20000024   COMPRESSED   0x00000002   Data   RW         5941    .data               test.o
    0x20000026   COMPRESSED   0x00000002   Data   RW         6274    .data               bluetooth.o
    0x20000028   COMPRESSED   0x00000009   Data   RW         6384    .data               rs485.o
    0x20000031   COMPRESSED   0x00000003   PAD
    0x20000034   COMPRESSED   0x00000010   Data   RW         6637    .data               4gcat1.o
    0x20000044   COMPRESSED   0x00000004   PAD
    0x20000048   COMPRESSED   0x00000030   Data   RW         6967    .data               l76k.o
    0x20000078   COMPRESSED   0x0000000d   Data   RW         7076    .data               ultrasonic.o
    0x20000085   COMPRESSED   0x00000003   PAD
    0x20000088   COMPRESSED   0x00000008   Data   RW         7286    .data               lora.o
    0x20000090   COMPRESSED   0x00000002   Data   RW         7401    .data               w25qxx.o
    0x20000092   COMPRESSED   0x00000006   PAD
    0x20000098   COMPRESSED   0x00000010   Data   RW         7594    .data               motor.o
    0x200000a8   COMPRESSED   0x00000014   Data   RW         7767    .data               anglepulse.o
    0x200000bc   COMPRESSED   0x0000000c   Data   RW         7890    .data               spi_sd.o
    0x200000c8   COMPRESSED   0x00000002   Data   RW         8045    .data               spi_sd_dma.o
    0x200000ca   COMPRESSED   0x00000028   Data   RW         8123    .data               rtc.o
    0x200000f2   COMPRESSED   0x00000004   Data   RW         8219    .data               delay.o
    0x200000f6   COMPRESSED   0x00000002   PAD
    0x200000f8   COMPRESSED   0x0000000c   Data   RW         8364    .data               tims.o
    0x20000104   COMPRESSED   0x00000004   Data   RW         8642    .data               cmd_process.o
    0x20000108   COMPRESSED   0x00000008   Data   RW         8798    .data               cmd_queue.o
    0x20000110   COMPRESSED   0x00000006   Data   RW         8973    .data               hmi_driver.o
    0x20000116   COMPRESSED   0x00000002   PAD
    0x20000118   COMPRESSED   0x00000040   Data   RW         9710    .data               data.o
    0x20000158   COMPRESSED   0x000000fc   Data   RW        10235    .data               rundata.o
    0x20000254   COMPRESSED   0x0000001d   Data   RW        10271    .data               logdata.o
    0x20000271   COMPRESSED   0x00000003   Data   RW        10609    .data               error_data.o
    0x20000274   COMPRESSED   0x00000002   Data   RW        10634    .data               watlevsafe.o
    0x20000276   COMPRESSED   0x00000002   PAD
    0x20000278   COMPRESSED   0x0000003c   Data   RW        11097    .data               tasks.o
    0x200002b4   COMPRESSED   0x00000014   Data   RW        11399    .data               timers.o
    0x200002c8   COMPRESSED   0x00000004   Data   RW        11518    .data               port.o
    0x200002cc   COMPRESSED   0x00000018   Data   RW        11600    .data               heap_4.o
    0x200002e4   COMPRESSED   0x0000003c   Data   RW        11662    .data               task1.o
    0x20000320   COMPRESSED   0x0000000c   Data   RW        12482    .data               cjson.o
    0x2000032c   COMPRESSED   0x00000006   Data   RW        12900    .data               ff.o
    0x20000332   COMPRESSED   0x00000002   PAD
    0x20000334   COMPRESSED   0x00000008   Data   RW        13352    .data               ffsystem.o
    0x2000033c   COMPRESSED   0x00000011   Data   RW        13507    .data               segger_rtt.o
    0x2000034d   COMPRESSED   0x00000003   PAD
    0x20000350   COMPRESSED   0x00000078   Data   RW        13765    .data               myota.o
    0x200003c8   COMPRESSED   0x00000028   Data   RW        13981    .data               tmc5160a.o
    0x200003f0   COMPRESSED   0x00000004   Data   RW        14560    .data               c_w.l(strtok.o)
    0x200003f4        -       0x00000044   Zero   RW         5940    .bss                test.o
    0x20000438        -       0x0000044c   Zero   RW         6273    .bss                bluetooth.o
    0x20000884        -       0x000000ec   Zero   RW         6383    .bss                rs485.o
    0x20000970        -       0x00001736   Zero   RW         6635    .bss                4gcat1.o
    0x200020a6   COMPRESSED   0x00000002   PAD
    0x200020a8        -       0x00000264   Zero   RW         6966    .bss                l76k.o
    0x2000230c        -       0x00001d3c   Zero   RW         7075    .bss                ultrasonic.o
    0x20004048        -       0x00000190   Zero   RW         7285    .bss                lora.o
    0x200041d8        -       0x00001000   Zero   RW         7400    .bss                w25qxx.o
    0x200051d8        -       0x0000021c   Zero   RW         7888    .bss                spi_sd.o
    0x200053f4        -       0x000000b8   Zero   RW         8641    .bss                cmd_process.o
    0x200054ac        -       0x00000204   Zero   RW         8797    .bss                cmd_queue.o
    0x200056b0        -       0x00000064   Zero   RW         8972    .bss                hmi_driver.o
    0x20005714   COMPRESSED   0x00000004   PAD
    0x20005718        -       0x00000140   Zero   RW         9709    .bss                data.o
    0x20005858        -       0x00000218   Zero   RW        10022    .bss                dev_data.o
    0x20005a70        -       0x00000110   Zero   RW        10234    .bss                rundata.o
    0x20005b80        -       0x00000c80   Zero   RW        10269    .bss                logdata.o
    0x20006800        -       0x00000064   Zero   RW        10560    .bss                autocontrol.o
    0x20006864        -       0x00000010   Zero   RW        10661    .bss                gd32f20x_rcu_add.o
    0x20006874        -       0x0000000c   Zero   RW        10692    .bss                stallguard.o
    0x20006880        -       0x00000104   Zero   RW        11096    .bss                tasks.o
    0x20006984        -       0x00000028   Zero   RW        11398    .bss                timers.o
    0x200069ac        -       0x0000a000   Zero   RW        11599    .bss                heap_4.o
    0x200109ac        -       0x00000280   Zero   RW        12153    .bss                onenet.o
    0x20010c2c        -       0x000007e8   Zero   RW        13223    .bss                ff_user.o
    0x20011414        -       0x00000410   Zero   RW        13506    .bss                segger_rtt.o
    0x20011824        -       0x00000128   Zero   RW        13764    .bss                myota.o
    0x2001194c        -       0x00000108   Zero   RW        13882    .bss                myonenet.o
    0x20011a54        -       0x00000030   Zero   RW        13979    .bss                tmc5160a.o
    0x20011a84        -       0x000000dc   Zero   RW        14225    .bss                loraprotocol.o
    0x20011b60        -       0x00000060   Zero   RW        14883    .bss                c_w.l(libspace.o)
    0x20011bc0        -       0x00002000   Zero   RW         5470    HEAP                startup_gd32f20x_cl.o
    0x20013bc0        -       0x00002000   Zero   RW         5469    STACK               startup_gd32f20x_cl.o
    0x20015bc0   COMPRESSED   0x0002a340   PAD
    0x2003ff00        -       0x000000a8   Zero   RW        13505    .ARM.__AT_0x2003FF00  segger_rtt.o


==============================================================================

Image component sizes


      Code (inc. data)   RO Data    RW Data    ZI Data      Debug   Object Name

      6070       1778        160         16       5942      18787   4gcat1.o
       440         48          0         20          0       2588   anglepulse.o
       648        130          0          0          0       2035   authorization.o
       580         72          0          0        100       2474   autocontrol.o
       716          8        192          0          0       3633   base64.o
       128         24          0          2       1100       1280   bluetooth.o
      2176         82          7         12          0      11649   cjson.o
     13260        898          0          4        184      21202   cmd_process.o
       304         30          0          8        516       3144   cmd_queue.o
         0          0          0          0          0        548   croutine.o
      1456        126          0         64        320      13314   data.o
       228         24          0          4          0       1807   delay.o
         0          0          0          0        536       2718   dev_data.o
       146          0          0          0          0       6173   diskio.o
      1148        130          7          0          0      15292   ds3231.o
         0          0          0          0          0        416   dstream.o
         0          0          0          3          0        721   error_data.o
         0          0          0          0          0       7852   event_groups.o
      3908         62         56          6          0      39069   ff.o
      4188       1826          0          0       2024       5207   ff_user.o
        64         10          0          8          0       1548   ffsystem.o
       764        104          0          0          0      13449   flashdata.o
       612          6          0          0          0       8176   gd32f20x_adc.o
       924         10          0          0          0      10758   gd32f20x_dma.o
       224         16          0          0          0       1830   gd32f20x_exti.o
       164         32          0          0          0       2784   gd32f20x_fwdgt.o
       476         12          0          0          0       3518   gd32f20x_gpio.o
      1302        162          0          1          0      30278   gd32f20x_it.o
       268         28          0          0          0       2504   gd32f20x_misc.o
       956         78          0          0          0       5509   gd32f20x_rcu.o
        38          0          0          0         16       1459   gd32f20x_rcu_add.o
        40         10          0          0          0       1096   gd32f20x_rtc.o
       170          6          0          0          0       3002   gd32f20x_spi.o
       682         68          0          0          0       4869   gd32f20x_timer.o
       768         20          0          0          0      11613   gd32f20x_usart.o
       508         62          0         24      40960       3703   heap_4.o
      1120         30          0          0          0       4271   hmac_sha1.o
       244         22          0          0          0        581   hmi_chart.o
      1420         30          0          6        100      15709   hmi_driver.o
        28         10          0          0          0        467   hmi_user_uart.o
        36          8          0          0          0        504   jiang.o
      1368        168          0         48        612       5026   l76k.o
       820         80          0          0          0       4413   lcd.o
       148          0          0          0          0       3022   list.o
       788         96          0          0          0       2987   liu.o
      3968        912        164         29       3200       7744   logdata.o
       776        130          0          8        400       4916   lora.o
       144         24          0          0          0        654   lora_map.o
       266          0          0          0        220       3638   loraprotocol.o
       392         86          0         28          0       1884   main.o
      1212         84          0         16          0       3690   motor.o
      1256        496         71          0        264       4723   myonenet.o
        16          4          0        120        296       1975   myota.o
      1688        804          0          0        640       5852   onenet.o
        68          4          0          0          0        458   other_bsp.o
       400         50          0          4          0       8916   port.o
       300         38          0          0          0       1067   power.o
         0          0          0          0          0        592   printf-stdarg.o
      1468         16          0          0          0      11966   queue.o
        40         10          0          0          0        419   relay.o
       160          8          0          0          0        548   rs232.o
      1232        104          0          9        236       7268   rs485.o
       224         18         62         40          0       2666   rtc.o
         0          0          0        252        272       2763   rundata.o
       412         72          0          0          0       4931   sddata.o
       698         62          0         17       1208       8785   segger_rtt.o
      1096          6         16          0          0       5441   segger_rtt_printf.o
      2088        192          0         12        540      13021   spi_sd.o
       292         30          0          2          0       1333   spi_sd_dma.o
       304        136          0          0         12       1642   stallguard.o
        64         26        424          0      16384        828   startup_gd32f20x_cl.o
       484         40          0          4          0      73799   system_gd32f20x.o
      1328        324          0         60          0      33956   task1.o
      2656        406          0         60        260      29177   tasks.o
       148         24          0          2         68       4176   test.o
       958        108          0         20         40       8183   timers.o
      1044         66          0         12          0       3633   tims.o
      2224        446        156         40         48      15842   tmc5160a.o
        56          8        548          0          0       1367   tool.o
      4230        346          0         13       7484      23074   ultrasonic.o
       812         72          0          2       4096       7064   w25qxx.o
       248         26          0          2          0        914   watlevsafe.o
        68          0          0          0          0        906   wdgt.o

    ----------------------------------------------------------------------
     82208      11484       1900       1008     260948     612796   Object Totals
         0          0         32          0          0          0   (incl. Generated)
        60          0          5         30     172870          0   (incl. Padding)

    ----------------------------------------------------------------------

      Code (inc. data)   RO Data    RW Data    ZI Data      Debug   Library Member Name

        60          8          0          0          0         84   __0sscanf.o
        58          0          0          0          0          0   __dczerorl.o
         8          0          0          0          0         68   __main.o
       392          4         17          0          0         92   __printf_flags_ss_wp.o
        14          0          0          0          0         68   __printf_wp.o
         0          0          0          0          0          0   __rtentry.o
        12          0          0          0          0          0   __rtentry2.o
         6          0          0          0          0          0   __rtentry4.o
        52          8          0          0          0          0   __scatter.o
        28          0          0          0          0          0   __scatter_zi.o
        28          0          0          0          0         68   _chval.o
         6          0          0          0          0          0   _printf_c.o
        44          0          0          0          0        108   _printf_char.o
        48          6          0          0          0         96   _printf_char_common.o
         6          0          0          0          0          0   _printf_d.o
       120         16          0          0          0         92   _printf_dec.o
         6          0          0          0          0          0   _printf_f.o
      1054          0          0          0          0        216   _printf_fp_dec.o
       128         16          0          0          0         84   _printf_fp_infnan.o
       178          0          0          0          0         88   _printf_intcommon.o
        78          0          0          0          0        108   _printf_pad.o
         0          0          0          0          0          0   _printf_percent.o
         4          0          0          0          0          0   _printf_percent_end.o
         6          0          0          0          0          0   _printf_s.o
        82          0          0          0          0         80   _printf_str.o
        36          0          0          0          0         84   _printf_truncate.o
         6          0          0          0          0          0   _printf_u.o
        22          0          0          0          0        100   _rserrno.o
       884          4          0          0          0        100   _scanf.o
       332          0          0          0          0         96   _scanf_int.o
       224          0          0          0          0         96   _scanf_str.o
        64          0          0          0          0         84   _sgetc.o
        16          0          0          0          0         68   _snputc.o
        10          0          0          0          0         68   _sputc.o
        16          0          0          0          0         68   aeabi_memset.o
       228          4        148          0          0         96   bigflt0.o
      2152        136          0          0          0        960   btod.o
        10          0          0          0          0         68   defsig_exit.o
        50          0          0          0          0         88   defsig_general.o
        80         58          0          0          0         76   defsig_rtmem_inner.o
        14          0          0          0          0         80   defsig_rtmem_outer.o
        18          0          0          0          0         80   exit.o
        94          0          0          0          0         80   h1_alloc.o
        52          0          0          0          0         68   h1_extend.o
        78          0          0          0          0         80   h1_free.o
        14          0          0          0          0         84   h1_init.o
         6          0          0          0          0        152   heapauxi.o
         4          0          0          0          0        136   hguard.o
         0          0          0          0          0          0   indicate_semi.o
       138          0          0          0          0        168   init_alloc.o
        18          0          0          0          0         76   isspace.o
        44         10        272          0          0         76   lc_ctype_c.o
        44         10         28          0          0         76   lc_numeric_c.o
         2          0          0          0          0          0   libinit.o
        38          0          0          0          0          0   libinit2.o
         2          0          0          0          0          0   libshutdown.o
         2          0          0          0          0          0   libshutdown2.o
         8          4          0          0         96         68   libspace.o
        38          0          0          0          0         68   llshl.o
       138          0          0          0          0         80   lludiv10.o
         0          0          0          0          0          0   maybetermalloc1.o
        88          0          0          0          0         76   memcmp.o
        52          4          0          0          0         84   noretval__2snprintf.o
        40          6          0          0          0         84   noretval__2sprintf.o
        16          4          0          0          0         76   rt_ctype_table.o
         8          4          0          0          0         68   rt_errno_addr_intlibspace.o
         8          4          0          0          0         68   rt_heap_descriptor_intlibspace.o
         8          4          0          0          0         68   rt_locale_intlibspace.o
        68          0          0          0          0         68   rt_memclr.o
        78          0          0          0          0         80   rt_memclr_w.o
       138          0          0          0          0         68   rt_memcpy_v6.o
       100          0          0          0          0         80   rt_memcpy_w.o
         2          0          0          0          0          0   rtexit.o
        10          0          0          0          0          0   rtexit2.o
        44          8          0          0          0         84   scanf_char.o
      1272         16          0          0          0        168   scanf_fp.o
       800         14          0          0          0        100   scanf_hexfp.o
       308         16          0          0          0        100   scanf_infnan.o
        24          0          0          0          0         68   strcat.o
        20          0          0          0          0         68   strchr.o
       128          0          0          0          0         68   strcmpv7m.o
        72          0          0          0          0         80   strcpy.o
        32          0          0          0          0         80   strcspn.o
        62          0          0          0          0         76   strlen.o
       150          0          0          0          0         80   strncmp.o
        28          0          0          0          0         80   strspn.o
        36          0          0          0          0         80   strstr.o
        12          6          0          4          0         68   strtok.o
        68          4          0          0          0         84   strtok_int.o
        12          4          0          0          0         68   sys_exit.o
        74          0          0          0          0         80   sys_stackheap_outer.o
        14          0          0          0          0         76   sys_wrch.o
        26          0          0          0          0         76   tolower.o
         2          0          0          0          0         68   use_no_semi.o
        98          4          0          0          0         92   d2f.o
       826         16          0          0          0        348   daddsub_clz.o
        16          4          0          0          0         68   dcheck1.o
        24          0          0          0          0         68   dcmpi.o
       688        140          0          0          0        208   ddiv.o
       120          4          0          0          0         92   deqf.o
        94          4          0          0          0         92   dfix.o
        90          4          0          0          0         92   dfixu.o
        84          0          0          0          0        136   dflt_clz.o
       120          4          0          0          0         92   dleqf.o
       340         12          0          0          0        104   dmul.o
       156          4          0          0          0         92   dnaninf.o
        12          0          0          0          0         68   dretinf.o
       108          0          0          0          0         80   drleqf.o
       180          4          0          0          0         80   drnd.o
       460         56          0          0          0        120   dsqrt_noumaal.o
        86          4          0          0          0         84   f2d.o
       450          8          0          0          0        236   faddsub_clz.o
        24          0          0          0          0         68   fcmpi.o
       388         76          0          0          0         96   fdiv.o
       104          4          0          0          0         84   feqf.o
        54          4          0          0          0         84   ffix.o
        62          4          0          0          0         84   ffixu.o
        86          0          0          0          0        136   fflt_clz.o
       104          4          0          0          0         84   fleqf.o
       258          4          0          0          0         84   fmul.o
       140          4          0          0          0         84   fnaninf.o
         0          0         16          0          0          0   fpconst.o
        10          0          0          0          0         68   fretinf.o
        98          0          0          0          0         68   frleqf.o
         6          0          0          0          0         68   istatus.o
         4          0          0          0          0         68   printf1.o
       100          0          0          0          0         68   retnan.o
        92          0          0          0          0         68   scalbn.o
         4          0          0          0          0         68   scanf1.o
         8          0          0          0          0         84   scanf2.o
        48          0          0          0          0         68   trapv.o
         0          0          0          0          0          0   usenofp.o
       220         16          0          0          0         84   ceil.o
       156          8          0          0          0        104   cos.o
       252         22         48          0          0        124   cos_i.o
        68         10          0          0          0        408   dunder.o
        40          0          0          0          0         68   fpclassify.o
        88          8          0          0          0         76   frexp.o
       138          0          0          0          0        160   ldexp.o
       204          4          0          0          0        168   narrow.o
       170          0          0          0          0         96   poly.o
      2520        190        136          0          0        324   pow.o
         0          0          8          0          0          0   qnan.o
       148         12          0          0          0         88   round.o
       904         76        200          0          0        140   rred.o
       160         10          0          0          0        108   sin.o
       236         12         40          0          0        128   sin_i.o
        76          0          0          0          0         84   sqrt.o

    ----------------------------------------------------------------------
     22060       1116        920          4         96      12892   Library Totals
        38          2          7          0          0          0   (incl. Padding)

    ----------------------------------------------------------------------

      Code (inc. data)   RO Data    RW Data    ZI Data      Debug   Library Name

     11100        378        465          4         96       7148   c_w.l
      5542        368         16          0          0       3584   fz_ws.l
      5380        368        432          0          0       2160   m_ws.l

    ----------------------------------------------------------------------
     22060       1116        920          4         96      12892   Library Totals

    ----------------------------------------------------------------------

==============================================================================


      Code (inc. data)   RO Data    RW Data    ZI Data      Debug   

    104268      12600       2820       1012     261044     589388   Grand Totals
    104268      12600       2820        160     261044     589388   ELF Image Totals (compressed)
    104268      12600       2820        160          0          0   ROM Totals

==============================================================================

    Total RO  Size (Code + RO Data)               107088 ( 104.58kB)
    Total RW  Size (RW Data + ZI Data)            262056 ( 255.91kB)
    Total ROM Size (Code + RO Data + RW Data)     107248 ( 104.73kB)

==============================================================================

