


ARM Macro Assembler    Page 1 


    1 00000000         ;/*!
    2 00000000         ;    \file    startup_gd32f20x_cl.s
    3 00000000         ;    \brief   start up file
    4 00000000         
    5 00000000         ;    \version 2023-06-30, V2.5.0, firmware for GD32F20x
    6 00000000         ;*/
    7 00000000         
    8 00000000         ;/*
    9 00000000         ;    Copyright (c) 2023, GigaDevice Semiconductor Inc.
   10 00000000         
   11 00000000         ;    Redistribution and use in source and binary forms, 
                       with or without modification, 
   12 00000000         ;are permitted provided that the following conditions ar
                       e met:
   13 00000000         
   14 00000000         ;    1. Redistributions of source code must retain the a
                       bove copyright notice, this 
   15 00000000         ;       list of conditions and the following disclaimer.
                       
   16 00000000         ;    2. Redistributions in binary form must reproduce th
                       e above copyright notice, 
   17 00000000         ;       this list of conditions and the following discla
                       imer in the documentation 
   18 00000000         ;       and/or other materials provided with the distrib
                       ution.
   19 00000000         ;    3. Neither the name of the copyright holder nor the
                        names of its contributors 
   20 00000000         ;       may be used to endorse or promote products deriv
                       ed from this software without 
   21 00000000         ;       specific prior written permission.
   22 00000000         
   23 00000000         ;    THIS SOFTWARE IS PROVIDED BY THE COPYRIGHT HOLDERS 
                       AND CONTRIBUTORS "AS IS" 
   24 00000000         ;AND ANY EXPRESS OR IMPLIED WARRANTIES, INCLUDING, BUT N
                       OT LIMITED TO, THE IMPLIED 
   25 00000000         ;WARRANTIES OF MERCHANTABILITY AND FITNESS FOR A PARTICU
                       LAR PURPOSE ARE DISCLAIMED. 
   26 00000000         ;IN NO EVENT SHALL THE COPYRIGHT HOLDER OR CONTRIBUTORS 
                       BE LIABLE FOR ANY DIRECT, 
   27 00000000         ;INDIRECT, INCIDENTAL, SPECIAL, EXEMPLARY, OR CONSEQUENT
                       IAL DAMAGES (INCLUDING, BUT 
   28 00000000         ;NOT LIMITED TO, PROCUREMENT OF SUBSTITUTE GOODS OR SERV
                       ICES; LOSS OF USE, DATA, OR 
   29 00000000         ;PROFITS; OR BUSINESS INTERRUPTION) HOWEVER CAUSED AND O
                       N ANY THEORY OF LIABILITY, 
   30 00000000         ;WHETHER IN CONTRACT, STRICT LIABILITY, OR TORT (INCLUDI
                       NG NEGLIGENCE OR OTHERWISE) 
   31 00000000         ;ARISING IN ANY WAY OUT OF THE USE OF THIS SOFTWARE, EVE
                       N IF ADVISED OF THE POSSIBILITY 
   32 00000000         ;OF SUCH DAMAGE.
   33 00000000         ;*/
   34 00000000         
   35 00000000         ; <h> Stack Configuration
   36 00000000         ;   <o> Stack Size (in Bytes) <0x0-0xFFFFFFFF:8>
   37 00000000         ; </h>
   38 00000000         
   39 00000000 00002000 
                       Stack_Size
                               EQU              0x00002000



ARM Macro Assembler    Page 2 


   40 00000000         
   41 00000000                 AREA             STACK, NOINIT, READWRITE, ALIGN
 = 3
   42 00000000         Stack_Mem
                               SPACE            Stack_Size
   43 00002000         __initial_sp
   44 00002000         
   45 00002000         
   46 00002000         ; <h> Heap Configuration
   47 00002000         ;   <o>  Heap Size (in Bytes) <0x0-0xFFFFFFFF:8>
   48 00002000         ; </h>
   49 00002000         
   50 00002000 00002000 
                       Heap_Size
                               EQU              0x00002000
   51 00002000         
   52 00002000                 AREA             HEAP, NOINIT, READWRITE, ALIGN 
= 3
   53 00000000         __heap_base
   54 00000000         Heap_Mem
                               SPACE            Heap_Size
   55 00002000         __heap_limit
   56 00002000         
   57 00002000         
   58 00002000                 PRESERVE8
   59 00002000                 THUMB
   60 00002000         
   61 00002000         ;                   /* reset Vector Mapped to at Address
                        0 */
   62 00002000                 AREA             RESET, DATA, READONLY
   63 00000000                 EXPORT           __Vectors
   64 00000000                 EXPORT           __Vectors_End
   65 00000000                 EXPORT           __Vectors_Size
   66 00000000         
   67 00000000 00000000 
                       __Vectors
                               DCD              __initial_sp ; Top of Stack
   68 00000004 00000000        DCD              Reset_Handler ; Reset Handler
   69 00000008 00000000        DCD              NMI_Handler ; NMI Handler
   70 0000000C 00000000        DCD              HardFault_Handler ; Hard Fault 
                                                            Handler
   71 00000010 00000000        DCD              MemManage_Handler 
                                                            ; MPU Fault Handler
                                                            
   72 00000014 00000000        DCD              BusFault_Handler 
                                                            ; Bus Fault Handler
                                                            
   73 00000018 00000000        DCD              UsageFault_Handler ; Usage Faul
                                                            t Handler
   74 0000001C 00000000        DCD              0           ; Reserved
   75 00000020 00000000        DCD              0           ; Reserved
   76 00000024 00000000        DCD              0           ; Reserved
   77 00000028 00000000        DCD              0           ; Reserved
   78 0000002C 00000000        DCD              SVC_Handler ; SVCall Handler
   79 00000030 00000000        DCD              DebugMon_Handler ; Debug Monito
                                                            r Handler
   80 00000034 00000000        DCD              0           ; Reserved
   81 00000038 00000000        DCD              PendSV_Handler ; PendSV Handler
                                                            



ARM Macro Assembler    Page 3 


   82 0000003C 00000000        DCD              SysTick_Handler 
                                                            ; SysTick Handler
   83 00000040         
   84 00000040         ;                   /* external interrupts handler */
   85 00000040 00000000        DCD              WWDGT_IRQHandler ; 16:Window Wa
                                                            tchdog Timer
   86 00000044 00000000        DCD              LVD_IRQHandler ; 17:LVD through
                                                             EXTI Line detect
   87 00000048 00000000        DCD              TAMPER_IRQHandler ; 18:Tamper I
                                                            nterrupt   
   88 0000004C 00000000        DCD              RTC_IRQHandler ; 19:RTC through
                                                             EXTI Line
   89 00000050 00000000        DCD              FMC_IRQHandler ; 20:FMC
   90 00000054 00000000        DCD              RCU_IRQHandler ; 21:RCU
   91 00000058 00000000        DCD              EXTI0_IRQHandler 
                                                            ; 22:EXTI Line 0
   92 0000005C 00000000        DCD              EXTI1_IRQHandler 
                                                            ; 23:EXTI Line 1
   93 00000060 00000000        DCD              EXTI2_IRQHandler 
                                                            ; 24:EXTI Line 2
   94 00000064 00000000        DCD              EXTI3_IRQHandler 
                                                            ; 25:EXTI Line 3
   95 00000068 00000000        DCD              EXTI4_IRQHandler 
                                                            ; 26:EXTI Line 4
   96 0000006C 00000000        DCD              DMA0_Channel0_IRQHandler 
                                                            ; 27:DMA0 Channel 0
                                                            
   97 00000070 00000000        DCD              DMA0_Channel1_IRQHandler 
                                                            ; 28:DMA0 Channel 1
                                                            
   98 00000074 00000000        DCD              DMA0_Channel2_IRQHandler 
                                                            ; 29:DMA0 Channel 2
                                                            
   99 00000078 00000000        DCD              DMA0_Channel3_IRQHandler 
                                                            ; 30:DMA0 Channel 3
                                                            
  100 0000007C 00000000        DCD              DMA0_Channel4_IRQHandler 
                                                            ; 31:DMA0 Channel 4
                                                            
  101 00000080 00000000        DCD              DMA0_Channel5_IRQHandler ; 32:D
                                                            MA0 Channel 5 
  102 00000084 00000000        DCD              DMA0_Channel6_IRQHandler 
                                                            ; 33:DMA0 Channel 6
                                                            
  103 00000088 00000000        DCD              ADC0_1_IRQHandler 
                                                            ; 34:ADC0 and ADC1
  104 0000008C 00000000        DCD              CAN0_TX_IRQHandler ; 35:CAN0 TX
                                                            
  105 00000090 00000000        DCD              CAN0_RX0_IRQHandler 
                                                            ; 36:CAN0 RX0
  106 00000094 00000000        DCD              CAN0_RX1_IRQHandler 
                                                            ; 37:CAN0 RX1
  107 00000098 00000000        DCD              CAN0_EWMC_IRQHandler 
                                                            ; 38:CAN0 EWMC
  108 0000009C 00000000        DCD              EXTI5_9_IRQHandler ; 39:EXTI Li
                                                            ne 5 to EXTI Line 9
                                                            
  109 000000A0 00000000        DCD              TIMER0_BRK_TIMER8_IRQHandler ; 
                                                            40:TIMER0 Break and



ARM Macro Assembler    Page 4 


                                                             TIMER8 global
  110 000000A4 00000000        DCD              TIMER0_UP_TIMER9_IRQHandler ; 4
                                                            1:TIMER0 Update and
                                                             TIMER9 global
  111 000000A8 00000000        DCD              TIMER0_TRG_CMT_TIMER10_IRQHandl
er 
                                                            ; 42:TIMER0 Trigger
                                                             and Commutation an
                                                            d TIMER10 global
  112 000000AC 00000000        DCD              TIMER0_Channel_IRQHandler ; 43:
                                                            TIMER0 Channel Capt
                                                            ure Compare
  113 000000B0 00000000        DCD              TIMER1_IRQHandler ; 44:TIMER1
  114 000000B4 00000000        DCD              TIMER2_IRQHandler ; 45:TIMER2
  115 000000B8 00000000        DCD              TIMER3_IRQHandler ; 46:TIMER3
  116 000000BC 00000000        DCD              I2C0_EV_IRQHandler 
                                                            ; 47:I2C0 Event
  117 000000C0 00000000        DCD              I2C0_ER_IRQHandler 
                                                            ; 48:I2C0 Error
  118 000000C4 00000000        DCD              I2C1_EV_IRQHandler 
                                                            ; 49:I2C1 Event
  119 000000C8 00000000        DCD              I2C1_ER_IRQHandler 
                                                            ; 50:I2C1 Error
  120 000000CC 00000000        DCD              SPI0_IRQHandler ; 51:SPI0
  121 000000D0 00000000        DCD              SPI1_IRQHandler ; 52:SPI1
  122 000000D4 00000000        DCD              USART0_IRQHandler ; 53:USART0
  123 000000D8 00000000        DCD              USART1_IRQHandler ; 54:USART1
  124 000000DC 00000000        DCD              USART2_IRQHandler ; 55:USART2
  125 000000E0 00000000        DCD              EXTI10_15_IRQHandler ; 56:EXTI 
                                                            Line 10 to EXTI Lin
                                                            e 15
  126 000000E4 00000000        DCD              RTC_Alarm_IRQHandler ; 57:RTC A
                                                            larm through EXTI L
                                                            ine
  127 000000E8 00000000        DCD              USBFS_WKUP_IRQHandler ; 58:USBF
                                                            S WakeUp from suspe
                                                            nd through EXTI Lin
                                                            e
  128 000000EC 00000000        DCD              TIMER7_BRK_TIMER11_IRQHandler ;
                                                             59:TIMER7 Break In
                                                            terrupt and TIMER11
                                                             global
  129 000000F0 00000000        DCD              TIMER7_UP_TIMER12_IRQHandler ; 
                                                            60:TIMER7 Update In
                                                            terrupt and TIMER12
                                                             global
  130 000000F4 00000000        DCD              TIMER7_TRG_CMT_TIMER13_IRQHandl
er 
                                                            ; 61:TIMER7 Trigger
                                                             and Commutation In
                                                            terrupt and TIMER13
                                                            
  131 000000F8 00000000        DCD              TIMER7_Channel_IRQHandler ; 62:
                                                            TIMER7 Channel Capt
                                                            ure Compare 
  132 000000FC 00000000        DCD              ADC2_IRQHandler ; 63:ADC2
  133 00000100 00000000        DCD              EXMC_IRQHandler ; 64:EXMC
  134 00000104 00000000        DCD              SDIO_IRQHandler ; 65:SDIO
  135 00000108 00000000        DCD              TIMER4_IRQHandler ; 66:TIMER4



ARM Macro Assembler    Page 5 


  136 0000010C 00000000        DCD              SPI2_IRQHandler ; 67:SPI2
  137 00000110 00000000        DCD              UART3_IRQHandler ; 68:UART3
  138 00000114 00000000        DCD              UART4_IRQHandler ; 69:UART4
  139 00000118 00000000        DCD              TIMER5_IRQHandler ; 70:TIMER5
  140 0000011C 00000000        DCD              TIMER6_IRQHandler ; 71:TIMER6
  141 00000120 00000000        DCD              DMA1_Channel0_IRQHandler 
                                                            ; 72:DMA1 Channel0
  142 00000124 00000000        DCD              DMA1_Channel1_IRQHandler 
                                                            ; 73:DMA1 Channel1
  143 00000128 00000000        DCD              DMA1_Channel2_IRQHandler 
                                                            ; 74:DMA1 Channel2
  144 0000012C 00000000        DCD              DMA1_Channel3_IRQHandler 
                                                            ; 75:DMA1 Channel3
  145 00000130 00000000        DCD              DMA1_Channel4_IRQHandler 
                                                            ; 76:DMA1 Channel4
  146 00000134 00000000        DCD              ENET_IRQHandler ; 77:Ethernet
  147 00000138 00000000        DCD              ENET_WKUP_IRQHandler ; 78:Ether
                                                            net Wakeup through 
                                                            EXTI line
  148 0000013C 00000000        DCD              CAN1_TX_IRQHandler ; 79:CAN1 TX
                                                            
  149 00000140 00000000        DCD              CAN1_RX0_IRQHandler 
                                                            ; 80:CAN1 RX0
  150 00000144 00000000        DCD              CAN1_RX1_IRQHandler 
                                                            ; 81:CAN1 RX1
  151 00000148 00000000        DCD              CAN1_EWMC_IRQHandler 
                                                            ; 82:CAN1 EWMC
  152 0000014C 00000000        DCD              USBFS_IRQHandler ; 83:USBFS
  153 00000150 00000000        DCD              0           ; 84:Reserved
  154 00000154 00000000        DCD              DMA1_Channel5_IRQHandler 
                                                            ; 85:DMA1 Channel5
  155 00000158 00000000        DCD              DMA1_Channel6_IRQHandler 
                                                            ; 86:DMA1 Channel6
  156 0000015C 00000000        DCD              USART5_IRQHandler ; 87:USART5
  157 00000160 00000000        DCD              I2C2_EV_IRQHandler 
                                                            ; 88:I2C2 Event
  158 00000164 00000000        DCD              I2C2_ER_IRQHandler 
                                                            ; 89:I2C2 Error
  159 00000168 00000000        DCD              0           ; 90:Reserved
  160 0000016C 00000000        DCD              0           ; 91:Reserved
  161 00000170 00000000        DCD              0           ; 92:Reserved
  162 00000174 00000000        DCD              0           ; 93:Reserved
  163 00000178 00000000        DCD              DCI_IRQHandler ; 94:DCI        
                                                                               
                                                                             
  164 0000017C 00000000        DCD              CAU_IRQHandler ; 95:CAU        
                                                                               
                                                                       
  165 00000180 00000000        DCD              HAU_TRNG_IRQHandler 
                                                            ; 96:HAU and TRNG
  166 00000184 00000000        DCD              0           ; 97:Reserved
  167 00000188 00000000        DCD              UART6_IRQHandler ; 98:UART6
  168 0000018C 00000000        DCD              UART7_IRQHandler ; 99:UART7
  169 00000190 00000000        DCD              0           ; 100:Reserved
  170 00000194 00000000        DCD              0           ; 101:Reserved
  171 00000198 00000000        DCD              0           ; 102:Reserved
  172 0000019C 00000000        DCD              0           ; 103:Reserved
  173 000001A0 00000000        DCD              TLI_IRQHandler ; 104:TLI
  174 000001A4 00000000        DCD              TLI_ER_IRQHandler 



ARM Macro Assembler    Page 6 


                                                            ; 105:TLI error
  175 000001A8         __Vectors_End
  176 000001A8         
  177 000001A8 000001A8 
                       __Vectors_Size
                               EQU              __Vectors_End - __Vectors
  178 000001A8         
  179 000001A8                 AREA             |.text|, CODE, READONLY
  180 00000000         
  181 00000000         ;/* reset Handler */
  182 00000000         Reset_Handler
                               PROC
  183 00000000                 EXPORT           Reset_Handler                  
     [WEAK]
  184 00000000                 IMPORT           __main
  185 00000000                 IMPORT           SystemInit
  186 00000000 4809            LDR              R0, =SystemInit
  187 00000002 4780            BLX              R0
  188 00000004 4809            LDR              R0, =__main
  189 00000006 4700            BX               R0
  190 00000008                 ENDP
  191 00000008         
  192 00000008         ;/* dummy Exception Handlers */
  193 00000008         NMI_Handler
                               PROC
  194 00000008                 EXPORT           NMI_Handler                    
     [WEAK]
  195 00000008 E7FE            B                .
  196 0000000A                 ENDP
  197 0000000A         
  198 0000000A         HardFault_Handler
                               PROC
  199 0000000A                 EXPORT           HardFault_Handler              
     [WEAK]
  200 0000000A E7FE            B                .
  201 0000000C                 ENDP
  202 0000000C         
  203 0000000C         MemManage_Handler
                               PROC
  204 0000000C                 EXPORT           MemManage_Handler              
     [WEAK]
  205 0000000C E7FE            B                .
  206 0000000E                 ENDP
  207 0000000E         
  208 0000000E         BusFault_Handler
                               PROC
  209 0000000E                 EXPORT           BusFault_Handler               
     [WEAK]
  210 0000000E E7FE            B                .
  211 00000010                 ENDP
  212 00000010         
  213 00000010         UsageFault_Handler
                               PROC
  214 00000010                 EXPORT           UsageFault_Handler             
     [WEAK]
  215 00000010 E7FE            B                .
  216 00000012                 ENDP
  217 00000012         
  218 00000012         SVC_Handler



ARM Macro Assembler    Page 7 


                               PROC
  219 00000012                 EXPORT           SVC_Handler                    
     [WEAK]
  220 00000012 E7FE            B                .
  221 00000014                 ENDP
  222 00000014         
  223 00000014         DebugMon_Handler
                               PROC
  224 00000014                 EXPORT           DebugMon_Handler               
     [WEAK]
  225 00000014 E7FE            B                .
  226 00000016                 ENDP
  227 00000016         
  228 00000016         PendSV_Handler
                               PROC
  229 00000016                 EXPORT           PendSV_Handler                 
     [WEAK]
  230 00000016 E7FE            B                .
  231 00000018                 ENDP
  232 00000018         
  233 00000018         SysTick_Handler
                               PROC
  234 00000018                 EXPORT           SysTick_Handler                
     [WEAK]
  235 00000018 E7FE            B                .
  236 0000001A                 ENDP
  237 0000001A         
  238 0000001A         Default_Handler
                               PROC
  239 0000001A         ;                   /* external interrupts handler */   
                        
  240 0000001A                 EXPORT           WWDGT_IRQHandler               
     [WEAK]
  241 0000001A                 EXPORT           LVD_IRQHandler                 
     [WEAK]
  242 0000001A                 EXPORT           TAMPER_IRQHandler              
     [WEAK]
  243 0000001A                 EXPORT           RTC_IRQHandler                 
     [WEAK]
  244 0000001A                 EXPORT           FMC_IRQHandler                 
     [WEAK]
  245 0000001A                 EXPORT           RCU_IRQHandler                 
     [WEAK]
  246 0000001A                 EXPORT           EXTI0_IRQHandler               
     [WEAK]
  247 0000001A                 EXPORT           EXTI1_IRQHandler               
     [WEAK]
  248 0000001A                 EXPORT           EXTI2_IRQHandler               
     [WEAK]
  249 0000001A                 EXPORT           EXTI3_IRQHandler               
     [WEAK]
  250 0000001A                 EXPORT           EXTI4_IRQHandler               
     [WEAK]
  251 0000001A                 EXPORT           DMA0_Channel0_IRQHandler       
     [WEAK]
  252 0000001A                 EXPORT           DMA0_Channel1_IRQHandler       
     [WEAK]
  253 0000001A                 EXPORT           DMA0_Channel2_IRQHandler       
     [WEAK]



ARM Macro Assembler    Page 8 


  254 0000001A                 EXPORT           DMA0_Channel3_IRQHandler       
     [WEAK]
  255 0000001A                 EXPORT           DMA0_Channel4_IRQHandler       
     [WEAK]
  256 0000001A                 EXPORT           DMA0_Channel5_IRQHandler       
     [WEAK]
  257 0000001A                 EXPORT           DMA0_Channel6_IRQHandler       
     [WEAK]
  258 0000001A                 EXPORT           ADC0_1_IRQHandler              
     [WEAK]
  259 0000001A                 EXPORT           CAN0_TX_IRQHandler             
     [WEAK]
  260 0000001A                 EXPORT           CAN0_RX0_IRQHandler            
     [WEAK]
  261 0000001A                 EXPORT           CAN0_RX1_IRQHandler            
     [WEAK]
  262 0000001A                 EXPORT           CAN0_EWMC_IRQHandler           
     [WEAK]
  263 0000001A                 EXPORT           EXTI5_9_IRQHandler             
     [WEAK]
  264 0000001A                 EXPORT           TIMER0_BRK_TIMER8_IRQHandler   
     [WEAK]
  265 0000001A                 EXPORT           TIMER0_UP_TIMER9_IRQHandler    
     [WEAK]
  266 0000001A                 EXPORT           TIMER0_TRG_CMT_TIMER10_IRQHandl
er   [WEAK]
  267 0000001A                 EXPORT           TIMER0_Channel_IRQHandler      
     [WEAK]
  268 0000001A                 EXPORT           TIMER1_IRQHandler              
     [WEAK]
  269 0000001A                 EXPORT           TIMER2_IRQHandler              
     [WEAK]
  270 0000001A                 EXPORT           TIMER3_IRQHandler              
     [WEAK]
  271 0000001A                 EXPORT           I2C0_EV_IRQHandler             
     [WEAK]
  272 0000001A                 EXPORT           I2C0_ER_IRQHandler             
     [WEAK]
  273 0000001A                 EXPORT           I2C1_EV_IRQHandler             
     [WEAK]
  274 0000001A                 EXPORT           I2C1_ER_IRQHandler             
     [WEAK]
  275 0000001A                 EXPORT           SPI0_IRQHandler                
     [WEAK]
  276 0000001A                 EXPORT           SPI1_IRQHandler                
     [WEAK]
  277 0000001A                 EXPORT           USART0_IRQHandler              
     [WEAK]
  278 0000001A                 EXPORT           USART1_IRQHandler              
     [WEAK]
  279 0000001A                 EXPORT           USART2_IRQHandler              
     [WEAK]
  280 0000001A                 EXPORT           EXTI10_15_IRQHandler           
     [WEAK]
  281 0000001A                 EXPORT           RTC_Alarm_IRQHandler           
     [WEAK]
  282 0000001A                 EXPORT           USBFS_WKUP_IRQHandler          
     [WEAK]
  283 0000001A                 EXPORT           TIMER7_BRK_TIMER11_IRQHandler  



ARM Macro Assembler    Page 9 


     [WEAK]
  284 0000001A                 EXPORT           TIMER7_UP_TIMER12_IRQHandler   
     [WEAK]
  285 0000001A                 EXPORT           TIMER7_TRG_CMT_TIMER13_IRQHandl
er   [WEAK]
  286 0000001A                 EXPORT           TIMER7_Channel_IRQHandler      
     [WEAK]
  287 0000001A                 EXPORT           ADC2_IRQHandler                
     [WEAK]
  288 0000001A                 EXPORT           EXMC_IRQHandler                
     [WEAK]
  289 0000001A                 EXPORT           SDIO_IRQHandler                
     [WEAK]
  290 0000001A                 EXPORT           TIMER4_IRQHandler              
     [WEAK]
  291 0000001A                 EXPORT           SPI2_IRQHandler                
     [WEAK]
  292 0000001A                 EXPORT           UART3_IRQHandler               
     [WEAK]
  293 0000001A                 EXPORT           UART4_IRQHandler               
     [WEAK]
  294 0000001A                 EXPORT           TIMER5_IRQHandler              
     [WEAK]
  295 0000001A                 EXPORT           TIMER6_IRQHandler              
     [WEAK]
  296 0000001A                 EXPORT           DMA1_Channel0_IRQHandler       
     [WEAK]
  297 0000001A                 EXPORT           DMA1_Channel1_IRQHandler       
     [WEAK]
  298 0000001A                 EXPORT           DMA1_Channel2_IRQHandler       
     [WEAK]
  299 0000001A                 EXPORT           DMA1_Channel3_IRQHandler       
     [WEAK]
  300 0000001A                 EXPORT           DMA1_Channel4_IRQHandler       
     [WEAK]
  301 0000001A                 EXPORT           ENET_IRQHandler                
     [WEAK]
  302 0000001A                 EXPORT           ENET_WKUP_IRQHandler           
     [WEAK]
  303 0000001A                 EXPORT           CAN1_TX_IRQHandler             
     [WEAK]
  304 0000001A                 EXPORT           CAN1_RX0_IRQHandler            
     [WEAK]
  305 0000001A                 EXPORT           CAN1_RX1_IRQHandler            
     [WEAK]
  306 0000001A                 EXPORT           CAN1_EWMC_IRQHandler           
     [WEAK]
  307 0000001A                 EXPORT           USBFS_IRQHandler               
     [WEAK]
  308 0000001A                 EXPORT           DMA1_Channel5_IRQHandler       
     [WEAK]
  309 0000001A                 EXPORT           DMA1_Channel6_IRQHandler       
     [WEAK]
  310 0000001A                 EXPORT           USART5_IRQHandler              
     [WEAK]
  311 0000001A                 EXPORT           I2C2_EV_IRQHandler             
     [WEAK]
  312 0000001A                 EXPORT           I2C2_ER_IRQHandler             
     [WEAK]



ARM Macro Assembler    Page 10 


  313 0000001A                 EXPORT           DCI_IRQHandler                 
     [WEAK]
  314 0000001A                 EXPORT           CAU_IRQHandler                 
     [WEAK]
  315 0000001A                 EXPORT           HAU_TRNG_IRQHandler            
     [WEAK]
  316 0000001A                 EXPORT           UART6_IRQHandler               
     [WEAK]
  317 0000001A                 EXPORT           UART7_IRQHandler               
     [WEAK]
  318 0000001A                 EXPORT           TLI_IRQHandler                 
     [WEAK]
  319 0000001A                 EXPORT           TLI_ER_IRQHandler              
     [WEAK]
  320 0000001A         
  321 0000001A         ;/* external interrupts handler */
  322 0000001A         WWDGT_IRQHandler
  323 0000001A         LVD_IRQHandler
  324 0000001A         TAMPER_IRQHandler
  325 0000001A         RTC_IRQHandler
  326 0000001A         FMC_IRQHandler
  327 0000001A         RCU_IRQHandler
  328 0000001A         EXTI0_IRQHandler
  329 0000001A         EXTI1_IRQHandler
  330 0000001A         EXTI2_IRQHandler
  331 0000001A         EXTI3_IRQHandler
  332 0000001A         EXTI4_IRQHandler
  333 0000001A         DMA0_Channel0_IRQHandler
  334 0000001A         DMA0_Channel1_IRQHandler
  335 0000001A         DMA0_Channel2_IRQHandler
  336 0000001A         DMA0_Channel3_IRQHandler
  337 0000001A         DMA0_Channel4_IRQHandler
  338 0000001A         DMA0_Channel5_IRQHandler
  339 0000001A         DMA0_Channel6_IRQHandler
  340 0000001A         ADC0_1_IRQHandler
  341 0000001A         CAN0_TX_IRQHandler
  342 0000001A         CAN0_RX0_IRQHandler
  343 0000001A         CAN0_RX1_IRQHandler
  344 0000001A         CAN0_EWMC_IRQHandler
  345 0000001A         EXTI5_9_IRQHandler
  346 0000001A         TIMER0_BRK_TIMER8_IRQHandler
  347 0000001A         TIMER0_UP_TIMER9_IRQHandler
  348 0000001A         TIMER0_TRG_CMT_TIMER10_IRQHandler
  349 0000001A         TIMER0_Channel_IRQHandler
  350 0000001A         TIMER1_IRQHandler
  351 0000001A         TIMER2_IRQHandler
  352 0000001A         TIMER3_IRQHandler
  353 0000001A         I2C0_EV_IRQHandler
  354 0000001A         I2C0_ER_IRQHandler
  355 0000001A         I2C1_EV_IRQHandler
  356 0000001A         I2C1_ER_IRQHandler
  357 0000001A         SPI0_IRQHandler
  358 0000001A         SPI1_IRQHandler
  359 0000001A         USART0_IRQHandler
  360 0000001A         USART1_IRQHandler
  361 0000001A         USART2_IRQHandler
  362 0000001A         EXTI10_15_IRQHandler
  363 0000001A         RTC_Alarm_IRQHandler
  364 0000001A         USBFS_WKUP_IRQHandler



ARM Macro Assembler    Page 11 


  365 0000001A         TIMER7_BRK_TIMER11_IRQHandler
  366 0000001A         TIMER7_UP_TIMER12_IRQHandler
  367 0000001A         TIMER7_TRG_CMT_TIMER13_IRQHandler
  368 0000001A         TIMER7_Channel_IRQHandler
  369 0000001A         ADC2_IRQHandler
  370 0000001A         EXMC_IRQHandler
  371 0000001A         SDIO_IRQHandler
  372 0000001A         TIMER4_IRQHandler
  373 0000001A         SPI2_IRQHandler
  374 0000001A         UART3_IRQHandler
  375 0000001A         UART4_IRQHandler
  376 0000001A         TIMER5_IRQHandler
  377 0000001A         TIMER6_IRQHandler
  378 0000001A         DMA1_Channel0_IRQHandler
  379 0000001A         DMA1_Channel1_IRQHandler
  380 0000001A         DMA1_Channel2_IRQHandler
  381 0000001A         DMA1_Channel3_IRQHandler
  382 0000001A         DMA1_Channel4_IRQHandler
  383 0000001A         ENET_IRQHandler
  384 0000001A         ENET_WKUP_IRQHandler
  385 0000001A         CAN1_TX_IRQHandler
  386 0000001A         CAN1_RX0_IRQHandler
  387 0000001A         CAN1_RX1_IRQHandler
  388 0000001A         CAN1_EWMC_IRQHandler
  389 0000001A         USBFS_IRQHandler
  390 0000001A         DMA1_Channel5_IRQHandler
  391 0000001A         DMA1_Channel6_IRQHandler
  392 0000001A         USART5_IRQHandler
  393 0000001A         I2C2_EV_IRQHandler
  394 0000001A         I2C2_ER_IRQHandler
  395 0000001A         DCI_IRQHandler
  396 0000001A         CAU_IRQHandler
  397 0000001A         HAU_TRNG_IRQHandler
  398 0000001A         UART6_IRQHandler
  399 0000001A         UART7_IRQHandler
  400 0000001A         TLI_IRQHandler
  401 0000001A         TLI_ER_IRQHandler
  402 0000001A         
  403 0000001A E7FE            B                .
  404 0000001C                 ENDP
  405 0000001C         
  406 0000001C                 ALIGN
  407 0000001C         
  408 0000001C         ; user Initial Stack & Heap
  409 0000001C         
  410 0000001C                 IF               :DEF:__MICROLIB
  417 0000001C         
  418 0000001C                 IMPORT           __use_two_region_memory
  419 0000001C                 EXPORT           __user_initial_stackheap
  420 0000001C         
  421 0000001C         __user_initial_stackheap
                               PROC
  422 0000001C 4804            LDR              R0, =  Heap_Mem
  423 0000001E 4905            LDR              R1, =(Stack_Mem + Stack_Size)
  424 00000020 4A05            LDR              R2, = (Heap_Mem +  Heap_Size)
  425 00000022 4B06            LDR              R3, = Stack_Mem
  426 00000024 4770            BX               LR
  427 00000026                 ENDP
  428 00000026         



ARM Macro Assembler    Page 12 


  429 00000026 00 00           ALIGN
  430 00000028         
  431 00000028                 ENDIF
  432 00000028         
  433 00000028                 END
              00000000 
              00000000 
              00000000 
              00002000 
              00002000 
              00000000 
Command Line: --debug --xref --diag_suppress=9931 --cpu=Cortex-M3 --apcs=interw
ork --depend=.\objects\startup_gd32f20x_cl.d -o.\objects\startup_gd32f20x_cl.o 
-I.\RTE\_Target_1 -IF:\Keil_v5\ARM\PACK\ARM\CMSIS\5.0.1\CMSIS\Include -IF:\Keil
_v5\ARM\PACK\GigaDevice\GD32F20x_DFP\2.6.0\Device\Include --predefine="__UVISIO
N_VERSION SETA 524" --predefine="_RTE_ SETA 1" --predefine="GD32F20X_CL SETA 1"
 --list=.\listings\startup_gd32f20x_cl.lst Startup\startup_gd32f20x_cl.s



ARM Macro Assembler    Page 1 Alphabetic symbol ordering
Relocatable symbols

STACK 00000000

Symbol: STACK
   Definitions
      At line 41 in file Startup\startup_gd32f20x_cl.s
   Uses
      None
Comment: STACK unused
Stack_Mem 00000000

Symbol: Stack_Mem
   Definitions
      At line 42 in file Startup\startup_gd32f20x_cl.s
   Uses
      At line 423 in file Startup\startup_gd32f20x_cl.s
      At line 425 in file Startup\startup_gd32f20x_cl.s

__initial_sp 00002000

Symbol: __initial_sp
   Definitions
      At line 43 in file Startup\startup_gd32f20x_cl.s
   Uses
      At line 67 in file Startup\startup_gd32f20x_cl.s
Comment: __initial_sp used once
3 symbols



ARM Macro Assembler    Page 1 Alphabetic symbol ordering
Relocatable symbols

HEAP 00000000

Symbol: HEAP
   Definitions
      At line 52 in file Startup\startup_gd32f20x_cl.s
   Uses
      None
Comment: HEAP unused
Heap_Mem 00000000

Symbol: Heap_Mem
   Definitions
      At line 54 in file Startup\startup_gd32f20x_cl.s
   Uses
      At line 422 in file Startup\startup_gd32f20x_cl.s
      At line 424 in file Startup\startup_gd32f20x_cl.s

__heap_base 00000000

Symbol: __heap_base
   Definitions
      At line 53 in file Startup\startup_gd32f20x_cl.s
   Uses
      None
Comment: __heap_base unused
__heap_limit 00002000

Symbol: __heap_limit
   Definitions
      At line 55 in file Startup\startup_gd32f20x_cl.s
   Uses
      None
Comment: __heap_limit unused
4 symbols



ARM Macro Assembler    Page 1 Alphabetic symbol ordering
Relocatable symbols

RESET 00000000

Symbol: RESET
   Definitions
      At line 62 in file Startup\startup_gd32f20x_cl.s
   Uses
      None
Comment: RESET unused
__Vectors 00000000

Symbol: __Vectors
   Definitions
      At line 67 in file Startup\startup_gd32f20x_cl.s
   Uses
      At line 63 in file Startup\startup_gd32f20x_cl.s
      At line 177 in file Startup\startup_gd32f20x_cl.s

__Vectors_End 000001A8

Symbol: __Vectors_End
   Definitions
      At line 175 in file Startup\startup_gd32f20x_cl.s
   Uses
      At line 64 in file Startup\startup_gd32f20x_cl.s
      At line 177 in file Startup\startup_gd32f20x_cl.s

3 symbols



ARM Macro Assembler    Page 1 Alphabetic symbol ordering
Relocatable symbols

.text 00000000

Symbol: .text
   Definitions
      At line 179 in file Startup\startup_gd32f20x_cl.s
   Uses
      None
Comment: .text unused
ADC0_1_IRQHandler 0000001A

Symbol: ADC0_1_IRQHandler
   Definitions
      At line 340 in file Startup\startup_gd32f20x_cl.s
   Uses
      At line 103 in file Startup\startup_gd32f20x_cl.s
      At line 258 in file Startup\startup_gd32f20x_cl.s

ADC2_IRQHandler 0000001A

Symbol: ADC2_IRQHandler
   Definitions
      At line 369 in file Startup\startup_gd32f20x_cl.s
   Uses
      At line 132 in file Startup\startup_gd32f20x_cl.s
      At line 287 in file Startup\startup_gd32f20x_cl.s

BusFault_Handler 0000000E

Symbol: BusFault_Handler
   Definitions
      At line 208 in file Startup\startup_gd32f20x_cl.s
   Uses
      At line 72 in file Startup\startup_gd32f20x_cl.s
      At line 209 in file Startup\startup_gd32f20x_cl.s

CAN0_EWMC_IRQHandler 0000001A

Symbol: CAN0_EWMC_IRQHandler
   Definitions
      At line 344 in file Startup\startup_gd32f20x_cl.s
   Uses
      At line 107 in file Startup\startup_gd32f20x_cl.s
      At line 262 in file Startup\startup_gd32f20x_cl.s

CAN0_RX0_IRQHandler 0000001A

Symbol: CAN0_RX0_IRQHandler
   Definitions
      At line 342 in file Startup\startup_gd32f20x_cl.s
   Uses
      At line 105 in file Startup\startup_gd32f20x_cl.s
      At line 260 in file Startup\startup_gd32f20x_cl.s

CAN0_RX1_IRQHandler 0000001A

Symbol: CAN0_RX1_IRQHandler
   Definitions
      At line 343 in file Startup\startup_gd32f20x_cl.s
   Uses



ARM Macro Assembler    Page 2 Alphabetic symbol ordering
Relocatable symbols

      At line 106 in file Startup\startup_gd32f20x_cl.s
      At line 261 in file Startup\startup_gd32f20x_cl.s

CAN0_TX_IRQHandler 0000001A

Symbol: CAN0_TX_IRQHandler
   Definitions
      At line 341 in file Startup\startup_gd32f20x_cl.s
   Uses
      At line 104 in file Startup\startup_gd32f20x_cl.s
      At line 259 in file Startup\startup_gd32f20x_cl.s

CAN1_EWMC_IRQHandler 0000001A

Symbol: CAN1_EWMC_IRQHandler
   Definitions
      At line 388 in file Startup\startup_gd32f20x_cl.s
   Uses
      At line 151 in file Startup\startup_gd32f20x_cl.s
      At line 306 in file Startup\startup_gd32f20x_cl.s

CAN1_RX0_IRQHandler 0000001A

Symbol: CAN1_RX0_IRQHandler
   Definitions
      At line 386 in file Startup\startup_gd32f20x_cl.s
   Uses
      At line 149 in file Startup\startup_gd32f20x_cl.s
      At line 304 in file Startup\startup_gd32f20x_cl.s

CAN1_RX1_IRQHandler 0000001A

Symbol: CAN1_RX1_IRQHandler
   Definitions
      At line 387 in file Startup\startup_gd32f20x_cl.s
   Uses
      At line 150 in file Startup\startup_gd32f20x_cl.s
      At line 305 in file Startup\startup_gd32f20x_cl.s

CAN1_TX_IRQHandler 0000001A

Symbol: CAN1_TX_IRQHandler
   Definitions
      At line 385 in file Startup\startup_gd32f20x_cl.s
   Uses
      At line 148 in file Startup\startup_gd32f20x_cl.s
      At line 303 in file Startup\startup_gd32f20x_cl.s

CAU_IRQHandler 0000001A

Symbol: CAU_IRQHandler
   Definitions
      At line 396 in file Startup\startup_gd32f20x_cl.s
   Uses
      At line 164 in file Startup\startup_gd32f20x_cl.s
      At line 314 in file Startup\startup_gd32f20x_cl.s

DCI_IRQHandler 0000001A




ARM Macro Assembler    Page 3 Alphabetic symbol ordering
Relocatable symbols

Symbol: DCI_IRQHandler
   Definitions
      At line 395 in file Startup\startup_gd32f20x_cl.s
   Uses
      At line 163 in file Startup\startup_gd32f20x_cl.s
      At line 313 in file Startup\startup_gd32f20x_cl.s

DMA0_Channel0_IRQHandler 0000001A

Symbol: DMA0_Channel0_IRQHandler
   Definitions
      At line 333 in file Startup\startup_gd32f20x_cl.s
   Uses
      At line 96 in file Startup\startup_gd32f20x_cl.s
      At line 251 in file Startup\startup_gd32f20x_cl.s

DMA0_Channel1_IRQHandler 0000001A

Symbol: DMA0_Channel1_IRQHandler
   Definitions
      At line 334 in file Startup\startup_gd32f20x_cl.s
   Uses
      At line 97 in file Startup\startup_gd32f20x_cl.s
      At line 252 in file Startup\startup_gd32f20x_cl.s

DMA0_Channel2_IRQHandler 0000001A

Symbol: DMA0_Channel2_IRQHandler
   Definitions
      At line 335 in file Startup\startup_gd32f20x_cl.s
   Uses
      At line 98 in file Startup\startup_gd32f20x_cl.s
      At line 253 in file Startup\startup_gd32f20x_cl.s

DMA0_Channel3_IRQHandler 0000001A

Symbol: DMA0_Channel3_IRQHandler
   Definitions
      At line 336 in file Startup\startup_gd32f20x_cl.s
   Uses
      At line 99 in file Startup\startup_gd32f20x_cl.s
      At line 254 in file Startup\startup_gd32f20x_cl.s

DMA0_Channel4_IRQHandler 0000001A

Symbol: DMA0_Channel4_IRQHandler
   Definitions
      At line 337 in file Startup\startup_gd32f20x_cl.s
   Uses
      At line 100 in file Startup\startup_gd32f20x_cl.s
      At line 255 in file Startup\startup_gd32f20x_cl.s

DMA0_Channel5_IRQHandler 0000001A

Symbol: DMA0_Channel5_IRQHandler
   Definitions
      At line 338 in file Startup\startup_gd32f20x_cl.s
   Uses
      At line 101 in file Startup\startup_gd32f20x_cl.s



ARM Macro Assembler    Page 4 Alphabetic symbol ordering
Relocatable symbols

      At line 256 in file Startup\startup_gd32f20x_cl.s

DMA0_Channel6_IRQHandler 0000001A

Symbol: DMA0_Channel6_IRQHandler
   Definitions
      At line 339 in file Startup\startup_gd32f20x_cl.s
   Uses
      At line 102 in file Startup\startup_gd32f20x_cl.s
      At line 257 in file Startup\startup_gd32f20x_cl.s

DMA1_Channel0_IRQHandler 0000001A

Symbol: DMA1_Channel0_IRQHandler
   Definitions
      At line 378 in file Startup\startup_gd32f20x_cl.s
   Uses
      At line 141 in file Startup\startup_gd32f20x_cl.s
      At line 296 in file Startup\startup_gd32f20x_cl.s

DMA1_Channel1_IRQHandler 0000001A

Symbol: DMA1_Channel1_IRQHandler
   Definitions
      At line 379 in file Startup\startup_gd32f20x_cl.s
   Uses
      At line 142 in file Startup\startup_gd32f20x_cl.s
      At line 297 in file Startup\startup_gd32f20x_cl.s

DMA1_Channel2_IRQHandler 0000001A

Symbol: DMA1_Channel2_IRQHandler
   Definitions
      At line 380 in file Startup\startup_gd32f20x_cl.s
   Uses
      At line 143 in file Startup\startup_gd32f20x_cl.s
      At line 298 in file Startup\startup_gd32f20x_cl.s

DMA1_Channel3_IRQHandler 0000001A

Symbol: DMA1_Channel3_IRQHandler
   Definitions
      At line 381 in file Startup\startup_gd32f20x_cl.s
   Uses
      At line 144 in file Startup\startup_gd32f20x_cl.s
      At line 299 in file Startup\startup_gd32f20x_cl.s

DMA1_Channel4_IRQHandler 0000001A

Symbol: DMA1_Channel4_IRQHandler
   Definitions
      At line 382 in file Startup\startup_gd32f20x_cl.s
   Uses
      At line 145 in file Startup\startup_gd32f20x_cl.s
      At line 300 in file Startup\startup_gd32f20x_cl.s

DMA1_Channel5_IRQHandler 0000001A

Symbol: DMA1_Channel5_IRQHandler



ARM Macro Assembler    Page 5 Alphabetic symbol ordering
Relocatable symbols

   Definitions
      At line 390 in file Startup\startup_gd32f20x_cl.s
   Uses
      At line 154 in file Startup\startup_gd32f20x_cl.s
      At line 308 in file Startup\startup_gd32f20x_cl.s

DMA1_Channel6_IRQHandler 0000001A

Symbol: DMA1_Channel6_IRQHandler
   Definitions
      At line 391 in file Startup\startup_gd32f20x_cl.s
   Uses
      At line 155 in file Startup\startup_gd32f20x_cl.s
      At line 309 in file Startup\startup_gd32f20x_cl.s

DebugMon_Handler 00000014

Symbol: DebugMon_Handler
   Definitions
      At line 223 in file Startup\startup_gd32f20x_cl.s
   Uses
      At line 79 in file Startup\startup_gd32f20x_cl.s
      At line 224 in file Startup\startup_gd32f20x_cl.s

Default_Handler 0000001A

Symbol: Default_Handler
   Definitions
      At line 238 in file Startup\startup_gd32f20x_cl.s
   Uses
      None
Comment: Default_Handler unused
ENET_IRQHandler 0000001A

Symbol: ENET_IRQHandler
   Definitions
      At line 383 in file Startup\startup_gd32f20x_cl.s
   Uses
      At line 146 in file Startup\startup_gd32f20x_cl.s
      At line 301 in file Startup\startup_gd32f20x_cl.s

ENET_WKUP_IRQHandler 0000001A

Symbol: ENET_WKUP_IRQHandler
   Definitions
      At line 384 in file Startup\startup_gd32f20x_cl.s
   Uses
      At line 147 in file Startup\startup_gd32f20x_cl.s
      At line 302 in file Startup\startup_gd32f20x_cl.s

EXMC_IRQHandler 0000001A

Symbol: EXMC_IRQHandler
   Definitions
      At line 370 in file Startup\startup_gd32f20x_cl.s
   Uses
      At line 133 in file Startup\startup_gd32f20x_cl.s
      At line 288 in file Startup\startup_gd32f20x_cl.s




ARM Macro Assembler    Page 6 Alphabetic symbol ordering
Relocatable symbols

EXTI0_IRQHandler 0000001A

Symbol: EXTI0_IRQHandler
   Definitions
      At line 328 in file Startup\startup_gd32f20x_cl.s
   Uses
      At line 91 in file Startup\startup_gd32f20x_cl.s
      At line 246 in file Startup\startup_gd32f20x_cl.s

EXTI10_15_IRQHandler 0000001A

Symbol: EXTI10_15_IRQHandler
   Definitions
      At line 362 in file Startup\startup_gd32f20x_cl.s
   Uses
      At line 125 in file Startup\startup_gd32f20x_cl.s
      At line 280 in file Startup\startup_gd32f20x_cl.s

EXTI1_IRQHandler 0000001A

Symbol: EXTI1_IRQHandler
   Definitions
      At line 329 in file Startup\startup_gd32f20x_cl.s
   Uses
      At line 92 in file Startup\startup_gd32f20x_cl.s
      At line 247 in file Startup\startup_gd32f20x_cl.s

EXTI2_IRQHandler 0000001A

Symbol: EXTI2_IRQHandler
   Definitions
      At line 330 in file Startup\startup_gd32f20x_cl.s
   Uses
      At line 93 in file Startup\startup_gd32f20x_cl.s
      At line 248 in file Startup\startup_gd32f20x_cl.s

EXTI3_IRQHandler 0000001A

Symbol: EXTI3_IRQHandler
   Definitions
      At line 331 in file Startup\startup_gd32f20x_cl.s
   Uses
      At line 94 in file Startup\startup_gd32f20x_cl.s
      At line 249 in file Startup\startup_gd32f20x_cl.s

EXTI4_IRQHandler 0000001A

Symbol: EXTI4_IRQHandler
   Definitions
      At line 332 in file Startup\startup_gd32f20x_cl.s
   Uses
      At line 95 in file Startup\startup_gd32f20x_cl.s
      At line 250 in file Startup\startup_gd32f20x_cl.s

EXTI5_9_IRQHandler 0000001A

Symbol: EXTI5_9_IRQHandler
   Definitions
      At line 345 in file Startup\startup_gd32f20x_cl.s



ARM Macro Assembler    Page 7 Alphabetic symbol ordering
Relocatable symbols

   Uses
      At line 108 in file Startup\startup_gd32f20x_cl.s
      At line 263 in file Startup\startup_gd32f20x_cl.s

FMC_IRQHandler 0000001A

Symbol: FMC_IRQHandler
   Definitions
      At line 326 in file Startup\startup_gd32f20x_cl.s
   Uses
      At line 89 in file Startup\startup_gd32f20x_cl.s
      At line 244 in file Startup\startup_gd32f20x_cl.s

HAU_TRNG_IRQHandler 0000001A

Symbol: HAU_TRNG_IRQHandler
   Definitions
      At line 397 in file Startup\startup_gd32f20x_cl.s
   Uses
      At line 165 in file Startup\startup_gd32f20x_cl.s
      At line 315 in file Startup\startup_gd32f20x_cl.s

HardFault_Handler 0000000A

Symbol: HardFault_Handler
   Definitions
      At line 198 in file Startup\startup_gd32f20x_cl.s
   Uses
      At line 70 in file Startup\startup_gd32f20x_cl.s
      At line 199 in file Startup\startup_gd32f20x_cl.s

I2C0_ER_IRQHandler 0000001A

Symbol: I2C0_ER_IRQHandler
   Definitions
      At line 354 in file Startup\startup_gd32f20x_cl.s
   Uses
      At line 117 in file Startup\startup_gd32f20x_cl.s
      At line 272 in file Startup\startup_gd32f20x_cl.s

I2C0_EV_IRQHandler 0000001A

Symbol: I2C0_EV_IRQHandler
   Definitions
      At line 353 in file Startup\startup_gd32f20x_cl.s
   Uses
      At line 116 in file Startup\startup_gd32f20x_cl.s
      At line 271 in file Startup\startup_gd32f20x_cl.s

I2C1_ER_IRQHandler 0000001A

Symbol: I2C1_ER_IRQHandler
   Definitions
      At line 356 in file Startup\startup_gd32f20x_cl.s
   Uses
      At line 119 in file Startup\startup_gd32f20x_cl.s
      At line 274 in file Startup\startup_gd32f20x_cl.s

I2C1_EV_IRQHandler 0000001A



ARM Macro Assembler    Page 8 Alphabetic symbol ordering
Relocatable symbols


Symbol: I2C1_EV_IRQHandler
   Definitions
      At line 355 in file Startup\startup_gd32f20x_cl.s
   Uses
      At line 118 in file Startup\startup_gd32f20x_cl.s
      At line 273 in file Startup\startup_gd32f20x_cl.s

I2C2_ER_IRQHandler 0000001A

Symbol: I2C2_ER_IRQHandler
   Definitions
      At line 394 in file Startup\startup_gd32f20x_cl.s
   Uses
      At line 158 in file Startup\startup_gd32f20x_cl.s
      At line 312 in file Startup\startup_gd32f20x_cl.s

I2C2_EV_IRQHandler 0000001A

Symbol: I2C2_EV_IRQHandler
   Definitions
      At line 393 in file Startup\startup_gd32f20x_cl.s
   Uses
      At line 157 in file Startup\startup_gd32f20x_cl.s
      At line 311 in file Startup\startup_gd32f20x_cl.s

LVD_IRQHandler 0000001A

Symbol: LVD_IRQHandler
   Definitions
      At line 323 in file Startup\startup_gd32f20x_cl.s
   Uses
      At line 86 in file Startup\startup_gd32f20x_cl.s
      At line 241 in file Startup\startup_gd32f20x_cl.s

MemManage_Handler 0000000C

Symbol: MemManage_Handler
   Definitions
      At line 203 in file Startup\startup_gd32f20x_cl.s
   Uses
      At line 71 in file Startup\startup_gd32f20x_cl.s
      At line 204 in file Startup\startup_gd32f20x_cl.s

NMI_Handler 00000008

Symbol: NMI_Handler
   Definitions
      At line 193 in file Startup\startup_gd32f20x_cl.s
   Uses
      At line 69 in file Startup\startup_gd32f20x_cl.s
      At line 194 in file Startup\startup_gd32f20x_cl.s

PendSV_Handler 00000016

Symbol: PendSV_Handler
   Definitions
      At line 228 in file Startup\startup_gd32f20x_cl.s
   Uses



ARM Macro Assembler    Page 9 Alphabetic symbol ordering
Relocatable symbols

      At line 81 in file Startup\startup_gd32f20x_cl.s
      At line 229 in file Startup\startup_gd32f20x_cl.s

RCU_IRQHandler 0000001A

Symbol: RCU_IRQHandler
   Definitions
      At line 327 in file Startup\startup_gd32f20x_cl.s
   Uses
      At line 90 in file Startup\startup_gd32f20x_cl.s
      At line 245 in file Startup\startup_gd32f20x_cl.s

RTC_Alarm_IRQHandler 0000001A

Symbol: RTC_Alarm_IRQHandler
   Definitions
      At line 363 in file Startup\startup_gd32f20x_cl.s
   Uses
      At line 126 in file Startup\startup_gd32f20x_cl.s
      At line 281 in file Startup\startup_gd32f20x_cl.s

RTC_IRQHandler 0000001A

Symbol: RTC_IRQHandler
   Definitions
      At line 325 in file Startup\startup_gd32f20x_cl.s
   Uses
      At line 88 in file Startup\startup_gd32f20x_cl.s
      At line 243 in file Startup\startup_gd32f20x_cl.s

Reset_Handler 00000000

Symbol: Reset_Handler
   Definitions
      At line 182 in file Startup\startup_gd32f20x_cl.s
   Uses
      At line 68 in file Startup\startup_gd32f20x_cl.s
      At line 183 in file Startup\startup_gd32f20x_cl.s

SDIO_IRQHandler 0000001A

Symbol: SDIO_IRQHandler
   Definitions
      At line 371 in file Startup\startup_gd32f20x_cl.s
   Uses
      At line 134 in file Startup\startup_gd32f20x_cl.s
      At line 289 in file Startup\startup_gd32f20x_cl.s

SPI0_IRQHandler 0000001A

Symbol: SPI0_IRQHandler
   Definitions
      At line 357 in file Startup\startup_gd32f20x_cl.s
   Uses
      At line 120 in file Startup\startup_gd32f20x_cl.s
      At line 275 in file Startup\startup_gd32f20x_cl.s

SPI1_IRQHandler 0000001A




ARM Macro Assembler    Page 10 Alphabetic symbol ordering
Relocatable symbols

Symbol: SPI1_IRQHandler
   Definitions
      At line 358 in file Startup\startup_gd32f20x_cl.s
   Uses
      At line 121 in file Startup\startup_gd32f20x_cl.s
      At line 276 in file Startup\startup_gd32f20x_cl.s

SPI2_IRQHandler 0000001A

Symbol: SPI2_IRQHandler
   Definitions
      At line 373 in file Startup\startup_gd32f20x_cl.s
   Uses
      At line 136 in file Startup\startup_gd32f20x_cl.s
      At line 291 in file Startup\startup_gd32f20x_cl.s

SVC_Handler 00000012

Symbol: SVC_Handler
   Definitions
      At line 218 in file Startup\startup_gd32f20x_cl.s
   Uses
      At line 78 in file Startup\startup_gd32f20x_cl.s
      At line 219 in file Startup\startup_gd32f20x_cl.s

SysTick_Handler 00000018

Symbol: SysTick_Handler
   Definitions
      At line 233 in file Startup\startup_gd32f20x_cl.s
   Uses
      At line 82 in file Startup\startup_gd32f20x_cl.s
      At line 234 in file Startup\startup_gd32f20x_cl.s

TAMPER_IRQHandler 0000001A

Symbol: TAMPER_IRQHandler
   Definitions
      At line 324 in file Startup\startup_gd32f20x_cl.s
   Uses
      At line 87 in file Startup\startup_gd32f20x_cl.s
      At line 242 in file Startup\startup_gd32f20x_cl.s

TIMER0_BRK_TIMER8_IRQHandler 0000001A

Symbol: TIMER0_BRK_TIMER8_IRQHandler
   Definitions
      At line 346 in file Startup\startup_gd32f20x_cl.s
   Uses
      At line 109 in file Startup\startup_gd32f20x_cl.s
      At line 264 in file Startup\startup_gd32f20x_cl.s

TIMER0_Channel_IRQHandler 0000001A

Symbol: TIMER0_Channel_IRQHandler
   Definitions
      At line 349 in file Startup\startup_gd32f20x_cl.s
   Uses
      At line 112 in file Startup\startup_gd32f20x_cl.s



ARM Macro Assembler    Page 11 Alphabetic symbol ordering
Relocatable symbols

      At line 267 in file Startup\startup_gd32f20x_cl.s

TIMER0_TRG_CMT_TIMER10_IRQHandler 0000001A

Symbol: TIMER0_TRG_CMT_TIMER10_IRQHandler
   Definitions
      At line 348 in file Startup\startup_gd32f20x_cl.s
   Uses
      At line 111 in file Startup\startup_gd32f20x_cl.s
      At line 266 in file Startup\startup_gd32f20x_cl.s

TIMER0_UP_TIMER9_IRQHandler 0000001A

Symbol: TIMER0_UP_TIMER9_IRQHandler
   Definitions
      At line 347 in file Startup\startup_gd32f20x_cl.s
   Uses
      At line 110 in file Startup\startup_gd32f20x_cl.s
      At line 265 in file Startup\startup_gd32f20x_cl.s

TIMER1_IRQHandler 0000001A

Symbol: TIMER1_IRQHandler
   Definitions
      At line 350 in file Startup\startup_gd32f20x_cl.s
   Uses
      At line 113 in file Startup\startup_gd32f20x_cl.s
      At line 268 in file Startup\startup_gd32f20x_cl.s

TIMER2_IRQHandler 0000001A

Symbol: TIMER2_IRQHandler
   Definitions
      At line 351 in file Startup\startup_gd32f20x_cl.s
   Uses
      At line 114 in file Startup\startup_gd32f20x_cl.s
      At line 269 in file Startup\startup_gd32f20x_cl.s

TIMER3_IRQHandler 0000001A

Symbol: TIMER3_IRQHandler
   Definitions
      At line 352 in file Startup\startup_gd32f20x_cl.s
   Uses
      At line 115 in file Startup\startup_gd32f20x_cl.s
      At line 270 in file Startup\startup_gd32f20x_cl.s

TIMER4_IRQHandler 0000001A

Symbol: TIMER4_IRQHandler
   Definitions
      At line 372 in file Startup\startup_gd32f20x_cl.s
   Uses
      At line 135 in file Startup\startup_gd32f20x_cl.s
      At line 290 in file Startup\startup_gd32f20x_cl.s

TIMER5_IRQHandler 0000001A

Symbol: TIMER5_IRQHandler



ARM Macro Assembler    Page 12 Alphabetic symbol ordering
Relocatable symbols

   Definitions
      At line 376 in file Startup\startup_gd32f20x_cl.s
   Uses
      At line 139 in file Startup\startup_gd32f20x_cl.s
      At line 294 in file Startup\startup_gd32f20x_cl.s

TIMER6_IRQHandler 0000001A

Symbol: TIMER6_IRQHandler
   Definitions
      At line 377 in file Startup\startup_gd32f20x_cl.s
   Uses
      At line 140 in file Startup\startup_gd32f20x_cl.s
      At line 295 in file Startup\startup_gd32f20x_cl.s

TIMER7_BRK_TIMER11_IRQHandler 0000001A

Symbol: TIMER7_BRK_TIMER11_IRQHandler
   Definitions
      At line 365 in file Startup\startup_gd32f20x_cl.s
   Uses
      At line 128 in file Startup\startup_gd32f20x_cl.s
      At line 283 in file Startup\startup_gd32f20x_cl.s

TIMER7_Channel_IRQHandler 0000001A

Symbol: TIMER7_Channel_IRQHandler
   Definitions
      At line 368 in file Startup\startup_gd32f20x_cl.s
   Uses
      At line 131 in file Startup\startup_gd32f20x_cl.s
      At line 286 in file Startup\startup_gd32f20x_cl.s

TIMER7_TRG_CMT_TIMER13_IRQHandler 0000001A

Symbol: TIMER7_TRG_CMT_TIMER13_IRQHandler
   Definitions
      At line 367 in file Startup\startup_gd32f20x_cl.s
   Uses
      At line 130 in file Startup\startup_gd32f20x_cl.s
      At line 285 in file Startup\startup_gd32f20x_cl.s

TIMER7_UP_TIMER12_IRQHandler 0000001A

Symbol: TIMER7_UP_TIMER12_IRQHandler
   Definitions
      At line 366 in file Startup\startup_gd32f20x_cl.s
   Uses
      At line 129 in file Startup\startup_gd32f20x_cl.s
      At line 284 in file Startup\startup_gd32f20x_cl.s

TLI_ER_IRQHandler 0000001A

Symbol: TLI_ER_IRQHandler
   Definitions
      At line 401 in file Startup\startup_gd32f20x_cl.s
   Uses
      At line 174 in file Startup\startup_gd32f20x_cl.s
      At line 319 in file Startup\startup_gd32f20x_cl.s



ARM Macro Assembler    Page 13 Alphabetic symbol ordering
Relocatable symbols


TLI_IRQHandler 0000001A

Symbol: TLI_IRQHandler
   Definitions
      At line 400 in file Startup\startup_gd32f20x_cl.s
   Uses
      At line 173 in file Startup\startup_gd32f20x_cl.s
      At line 318 in file Startup\startup_gd32f20x_cl.s

UART3_IRQHandler 0000001A

Symbol: UART3_IRQHandler
   Definitions
      At line 374 in file Startup\startup_gd32f20x_cl.s
   Uses
      At line 137 in file Startup\startup_gd32f20x_cl.s
      At line 292 in file Startup\startup_gd32f20x_cl.s

UART4_IRQHandler 0000001A

Symbol: UART4_IRQHandler
   Definitions
      At line 375 in file Startup\startup_gd32f20x_cl.s
   Uses
      At line 138 in file Startup\startup_gd32f20x_cl.s
      At line 293 in file Startup\startup_gd32f20x_cl.s

UART6_IRQHandler 0000001A

Symbol: UART6_IRQHandler
   Definitions
      At line 398 in file Startup\startup_gd32f20x_cl.s
   Uses
      At line 167 in file Startup\startup_gd32f20x_cl.s
      At line 316 in file Startup\startup_gd32f20x_cl.s

UART7_IRQHandler 0000001A

Symbol: UART7_IRQHandler
   Definitions
      At line 399 in file Startup\startup_gd32f20x_cl.s
   Uses
      At line 168 in file Startup\startup_gd32f20x_cl.s
      At line 317 in file Startup\startup_gd32f20x_cl.s

USART0_IRQHandler 0000001A

Symbol: USART0_IRQHandler
   Definitions
      At line 359 in file Startup\startup_gd32f20x_cl.s
   Uses
      At line 122 in file Startup\startup_gd32f20x_cl.s
      At line 277 in file Startup\startup_gd32f20x_cl.s

USART1_IRQHandler 0000001A

Symbol: USART1_IRQHandler
   Definitions



ARM Macro Assembler    Page 14 Alphabetic symbol ordering
Relocatable symbols

      At line 360 in file Startup\startup_gd32f20x_cl.s
   Uses
      At line 123 in file Startup\startup_gd32f20x_cl.s
      At line 278 in file Startup\startup_gd32f20x_cl.s

USART2_IRQHandler 0000001A

Symbol: USART2_IRQHandler
   Definitions
      At line 361 in file Startup\startup_gd32f20x_cl.s
   Uses
      At line 124 in file Startup\startup_gd32f20x_cl.s
      At line 279 in file Startup\startup_gd32f20x_cl.s

USART5_IRQHandler 0000001A

Symbol: USART5_IRQHandler
   Definitions
      At line 392 in file Startup\startup_gd32f20x_cl.s
   Uses
      At line 156 in file Startup\startup_gd32f20x_cl.s
      At line 310 in file Startup\startup_gd32f20x_cl.s

USBFS_IRQHandler 0000001A

Symbol: USBFS_IRQHandler
   Definitions
      At line 389 in file Startup\startup_gd32f20x_cl.s
   Uses
      At line 152 in file Startup\startup_gd32f20x_cl.s
      At line 307 in file Startup\startup_gd32f20x_cl.s

USBFS_WKUP_IRQHandler 0000001A

Symbol: USBFS_WKUP_IRQHandler
   Definitions
      At line 364 in file Startup\startup_gd32f20x_cl.s
   Uses
      At line 127 in file Startup\startup_gd32f20x_cl.s
      At line 282 in file Startup\startup_gd32f20x_cl.s

UsageFault_Handler 00000010

Symbol: UsageFault_Handler
   Definitions
      At line 213 in file Startup\startup_gd32f20x_cl.s
   Uses
      At line 73 in file Startup\startup_gd32f20x_cl.s
      At line 214 in file Startup\startup_gd32f20x_cl.s

WWDGT_IRQHandler 0000001A

Symbol: WWDGT_IRQHandler
   Definitions
      At line 322 in file Startup\startup_gd32f20x_cl.s
   Uses
      At line 85 in file Startup\startup_gd32f20x_cl.s
      At line 240 in file Startup\startup_gd32f20x_cl.s




ARM Macro Assembler    Page 15 Alphabetic symbol ordering
Relocatable symbols

__user_initial_stackheap 0000001C

Symbol: __user_initial_stackheap
   Definitions
      At line 421 in file Startup\startup_gd32f20x_cl.s
   Uses
      At line 419 in file Startup\startup_gd32f20x_cl.s
Comment: __user_initial_stackheap used once
93 symbols



ARM Macro Assembler    Page 1 Alphabetic symbol ordering
Absolute symbols

Heap_Size 00002000

Symbol: Heap_Size
   Definitions
      At line 50 in file Startup\startup_gd32f20x_cl.s
   Uses
      At line 54 in file Startup\startup_gd32f20x_cl.s
      At line 424 in file Startup\startup_gd32f20x_cl.s

Stack_Size 00002000

Symbol: Stack_Size
   Definitions
      At line 39 in file Startup\startup_gd32f20x_cl.s
   Uses
      At line 42 in file Startup\startup_gd32f20x_cl.s
      At line 423 in file Startup\startup_gd32f20x_cl.s

__Vectors_Size 000001A8

Symbol: __Vectors_Size
   Definitions
      At line 177 in file Startup\startup_gd32f20x_cl.s
   Uses
      At line 65 in file Startup\startup_gd32f20x_cl.s
Comment: __Vectors_Size used once
3 symbols



ARM Macro Assembler    Page 1 Alphabetic symbol ordering
External symbols

SystemInit 00000000

Symbol: SystemInit
   Definitions
      At line 185 in file Startup\startup_gd32f20x_cl.s
   Uses
      At line 186 in file Startup\startup_gd32f20x_cl.s
Comment: SystemInit used once
__main 00000000

Symbol: __main
   Definitions
      At line 184 in file Startup\startup_gd32f20x_cl.s
   Uses
      At line 188 in file Startup\startup_gd32f20x_cl.s
Comment: __main used once
__use_two_region_memory 00000000

Symbol: __use_two_region_memory
   Definitions
      At line 418 in file Startup\startup_gd32f20x_cl.s
   Uses
      None
Comment: __use_two_region_memory unused
3 symbols
446 symbols in table
